Archive member included to satisfy reference by file (symbol)

../rc/librclib.a(filter.c.obj)
                              CMakeFiles/mbot.dir/mbot.c.obj (rc_filter_empty)
../rc/librclib.a(polynomial.c.obj)
                              ../rc/librclib.a(filter.c.obj) (rc_poly_conv)
../rc/librclib.a(ring_buffer.c.obj)
                              ../rc/librclib.a(filter.c.obj) (rc_ringbuf_alloc)
../rc/librclib.a(vector.c.obj)
                              ../rc/librclib.a(filter.c.obj) (rc_vector_alloc)
../rc/librclib.a(motor.c.obj)
                              CMakeFiles/mbot.dir/mbot.c.obj (rc_motor_set)
../rc/librclib.a(encoder.c.obj)
                              CMakeFiles/mbot.dir/mbot.c.obj (rc_encoder_init)
../rc/librclib.a(mpu.c.obj)   CMakeFiles/mbot.dir/mbot.c.obj (mb_mpu_default_config)
../rc/librclib.a(fram.c.obj)  CMakeFiles/mbot.dir/mbot.c.obj (mb_read_fram)
../rc/librclib.a(algebra_common.c.obj)
                              ../rc/librclib.a(vector.c.obj) (__vectorized_mult_accumulate)
../rc/librclib.a(algebra.c.obj)
                              ../rc/librclib.a(mpu.c.obj) (rc_algebra_fit_ellipsoid)
../rc/librclib.a(matrix.c.obj)
                              ../rc/librclib.a(mpu.c.obj) (rc_matrix_empty)
../rc/librclib.a(other.c.obj)
                              ../rc/librclib.a(vector.c.obj) (rc_get_random_double)
../rc/librclib.a(quaternion.c.obj)
                              ../rc/librclib.a(mpu.c.obj) (rc_quaternion_to_tb_array)
../comms/libcomms.a(protocol.c.obj)
                              CMakeFiles/mbot.dir/mbot.c.obj (comms_init_protocol)
../comms/libcomms.a(listener.c.obj)
                              CMakeFiles/mbot.dir/mbot.c.obj (comms_listener_loop)
../comms/libcomms.a(topic_data.c.obj)
                              CMakeFiles/mbot.dir/mbot.c.obj (comms_init_topic_data)
../comms/libcomms.a(messages_mb.c.obj)
                              CMakeFiles/mbot.dir/mbot.c.obj (timestamp_t_deserialize)
../comms/libcomms.a(common.c.obj)
                              ../comms/libcomms.a(listener.c.obj) (checksum)
/usr/lib/gcc/arm-none-eabi/8.3.1/thumb/v6-m/nofp/libgcc.a(_dvmd_tls.o)
                              CMakeFiles/mbot.dir/__/lib/pico-sdk/src/rp2_common/pico_divider/divider.S.obj (__aeabi_idiv0)
/usr/lib/gcc/arm-none-eabi/8.3.1/../../../arm-none-eabi/lib/thumb/v6-m/nofp/libc.a(lib_a-atexit.o)
                              /usr/lib/gcc/arm-none-eabi/8.3.1/../../../arm-none-eabi/lib/thumb/v6-m/nofp/crt0.o (atexit)
/usr/lib/gcc/arm-none-eabi/8.3.1/../../../arm-none-eabi/lib/thumb/v6-m/nofp/libc.a(lib_a-calloc.o)
                              CMakeFiles/mbot.dir/__/lib/pico-sdk/src/rp2_common/pico_malloc/pico_malloc.c.obj (calloc)
/usr/lib/gcc/arm-none-eabi/8.3.1/../../../arm-none-eabi/lib/thumb/v6-m/nofp/libc.a(lib_a-callocr.o)
                              /usr/lib/gcc/arm-none-eabi/8.3.1/../../../arm-none-eabi/lib/thumb/v6-m/nofp/libc.a(lib_a-calloc.o) (_calloc_r)
/usr/lib/gcc/arm-none-eabi/8.3.1/../../../arm-none-eabi/lib/thumb/v6-m/nofp/libc.a(lib_a-fflush.o)
                              ../rc/librclib.a(mpu.c.obj) (fflush)
/usr/lib/gcc/arm-none-eabi/8.3.1/../../../arm-none-eabi/lib/thumb/v6-m/nofp/libc.a(lib_a-findfp.o)
                              /usr/lib/gcc/arm-none-eabi/8.3.1/../../../arm-none-eabi/lib/thumb/v6-m/nofp/libc.a(lib_a-fflush.o) (__sinit)
/usr/lib/gcc/arm-none-eabi/8.3.1/../../../arm-none-eabi/lib/thumb/v6-m/nofp/libc.a(lib_a-fini.o)
                              /usr/lib/gcc/arm-none-eabi/8.3.1/../../../arm-none-eabi/lib/thumb/v6-m/nofp/crt0.o (__libc_fini_array)
/usr/lib/gcc/arm-none-eabi/8.3.1/../../../arm-none-eabi/lib/thumb/v6-m/nofp/libc.a(lib_a-fprintf.o)
                              ../rc/librclib.a(matrix.c.obj) (fprintf)
/usr/lib/gcc/arm-none-eabi/8.3.1/../../../arm-none-eabi/lib/thumb/v6-m/nofp/libc.a(lib_a-freer.o)
                              /usr/lib/gcc/arm-none-eabi/8.3.1/../../../arm-none-eabi/lib/thumb/v6-m/nofp/libc.a(lib_a-fflush.o) (_free_r)
/usr/lib/gcc/arm-none-eabi/8.3.1/../../../arm-none-eabi/lib/thumb/v6-m/nofp/libc.a(lib_a-fwalk.o)
                              /usr/lib/gcc/arm-none-eabi/8.3.1/../../../arm-none-eabi/lib/thumb/v6-m/nofp/libc.a(lib_a-findfp.o) (_fwalk)
/usr/lib/gcc/arm-none-eabi/8.3.1/../../../arm-none-eabi/lib/thumb/v6-m/nofp/libc.a(lib_a-fwrite.o)
                              ../rc/librclib.a(filter.c.obj) (fwrite)
/usr/lib/gcc/arm-none-eabi/8.3.1/../../../arm-none-eabi/lib/thumb/v6-m/nofp/libc.a(lib_a-impure.o)
                              /usr/lib/gcc/arm-none-eabi/8.3.1/../../../arm-none-eabi/lib/thumb/v6-m/nofp/libc.a(lib_a-fflush.o) (_global_impure_ptr)
/usr/lib/gcc/arm-none-eabi/8.3.1/../../../arm-none-eabi/lib/thumb/v6-m/nofp/libc.a(lib_a-init.o)
                              /usr/lib/gcc/arm-none-eabi/8.3.1/../../../arm-none-eabi/lib/thumb/v6-m/nofp/crt0.o (__libc_init_array)
/usr/lib/gcc/arm-none-eabi/8.3.1/../../../arm-none-eabi/lib/thumb/v6-m/nofp/libc.a(lib_a-malloc.o)
[...]
Memory Configuration

Name             Origin             Length             Attributes
FLASH            0x10000000         0x00200000         xr
RAM              0x20000000         0x00040000         xrw
SCRATCH_X        0x20040000         0x00001000         xrw
SCRATCH_Y        0x20041000         0x00001000         xrw
*default*        0x00000000         0xffffffff

Linker script and memory map

LOAD /usr/lib/gcc/arm-none-eabi/8.3.1/thumb/v6-m/nofp/crti.o
LOAD /usr/lib/gcc/arm-none-eabi/8.3.1/thumb/v6-m/nofp/crtbegin.o
LOAD /usr/lib/gcc/arm-none-eabi/8.3.1/../../../arm-none-eabi/lib/thumb/v6-m/nofp/crt0.o

.flash_begin    0x10000000        0x0
                0x10000000                __flash_binary_start = .

.boot2          0x10000000      0x100
                0x10000000                __boot2_start__ = .
 *(.boot2)
 .boot2         0x10000000      0x100 /tmp/ccBTT5Px.o
                0x10000100                __boot2_end__ = .
                0x00000001                ASSERT (((__boot2_end__ - __boot2_start__) == 0x100), ERROR: Pico second stage bootloader must be 256 bytes in size)

.text           0x10000100    0x11328
                0x10000100                __logical_binary_start = .
 *(.vectors)
 .vectors       0x10000100       0xd4 CMakeFiles/mbot.dir/__/lib/pico-sdk/src/rp2_common/pico_standard_link/crt0.S.obj
                0x10000100                __vectors
                0x10000100                __VECTOR_TABLE
                0x100001c0                isr_invalid
                0x100001c0                __default_isrs_start
                0x100001c2                isr_nmi
                0x100001c4                isr_hardfault
                0x100001c6                isr_svcall
                0x100001c8                isr_pendsv
                0x100001ca                isr_systick
                0x100001cc                isr_irq30
                0x100001cc                __unhandled_user_irq
                0x100001cc                isr_irq13
                0x100001cc                isr_irq27
                0x100001cc                isr_irq31
                0x100001cc                isr_irq5
                0x100001cc                isr_irq11
                0x100001cc                isr_irq23
                0x100001cc                isr_irq18
                0x100001cc                isr_irq28
                0x100001cc                isr_irq19
                0x100001cc                isr_irq0
                0x100001cc                isr_irq6
                0x100001cc                isr_irq22
                0x100001cc                isr_irq17
                0x100001cc                isr_irq14
                0x100001cc                isr_irq2
                0x100001cc                isr_irq10
                0x100001cc                isr_irq8
                0x100001cc                isr_irq24
                0x100001cc                isr_irq1
                0x100001cc                isr_irq7
                0x100001cc                isr_irq21
                0x100001cc                isr_irq20
                0x100001cc                isr_irq15
                0x100001cc                isr_irq25
                0x100001cc                isr_irq4
                0x100001cc                isr_irq16
                0x100001cc                isr_irq29
                0x100001cc                isr_irq26
                0x100001cc                __default_isrs_end
                0x100001cc                isr_irq3
                0x100001cc                isr_irq12
                0x100001cc                isr_irq9
                0x100001d2                unhandled_user_irq_num_in_r0
 *(.binary_info_header)
 .binary_info_header
                0x100001d4       0x14 CMakeFiles/mbot.dir/__/lib/pico-sdk/src/rp2_common/pico_standard_link/crt0.S.obj
                0x100001e8                __binary_info_header_end = .
 *(.reset)
 .reset         0x100001e8       0xa8 CMakeFiles/mbot.dir/__/lib/pico-sdk/src/rp2_common/pico_standard_link/crt0.S.obj
                0x100001e8                _entry_point
                0x10000266                __get_current_exception
 .reset         0x10000290       0x30 CMakeFiles/mbot.dir/__/lib/pico-sdk/src/rp2_common/pico_standard_link/binary_info.c.obj
 *(.init)
 .init          0x100002c0        0x4 /usr/lib/gcc/arm-none-eabi/8.3.1/thumb/v6-m/nofp/crti.o
                0x100002c0                _init
 *(EXCLUDE_FILE(*libm.a: *libc.a:*lib_a-mem*.o *libgcc.a:) .text*)
 .text          0x100002c4       0x98 /usr/lib/gcc/arm-none-eabi/8.3.1/thumb/v6-m/nofp/crtbegin.o
 .text.reset_odometry_cb
                0x1000035c       0x78 CMakeFiles/mbot.dir/mbot.c.obj
                0x1000035c                reset_odometry_cb
 .text.reset_encoders_cb
                0x100003d4       0x3c CMakeFiles/mbot.dir/mbot.c.obj
                0x100003d4                reset_encoders_cb
 .text.timer_cb
                0x10000410      0x718 CMakeFiles/mbot.dir/mbot.c.obj
                0x10000410                timer_cb
 .text.timestamp_cb
                0x10000b28       0x28 CMakeFiles/mbot.dir/mbot.c.obj
                0x10000b28                timestamp_cb
 .text.pid_values_cb
                0x10000b50       0x38 CMakeFiles/mbot.dir/mbot.c.obj
                0x10000b50                pid_values_cb
 .text.register_topics
                0x10000b88       0xcc CMakeFiles/mbot.dir/mbot.c.obj
                0x10000b88                register_topics
 .text.startup.main
                0x10000c54      0x3d0 CMakeFiles/mbot.dir/mbot.c.obj
                0x10000c54                main
 .text.set_sys_clock_pll
                0x10001024       0x78 CMakeFiles/mbot.dir/__/lib/pico-sdk/src/rp2_common/pico_stdlib/stdlib.c.obj
                0x10001024                set_sys_clock_pll
 .text.check_sys_clock_khz
                0x1000109c      0x148 CMakeFiles/mbot.dir/__/lib/pico-sdk/src/rp2_common/pico_stdlib/stdlib.c.obj
                0x1000109c                check_sys_clock_khz
 .text.gpio_default_irq_handler
                0x100011e4      0x24c CMakeFiles/mbot.dir/__/lib/pico-sdk/src/rp2_common/hardware_gpio/gpio.c.obj
 .text.gpio_set_function
                0x10001430       0x30 CMakeFiles/mbot.dir/__/lib/pico-sdk/src/rp2_common/hardware_gpio/gpio.c.obj
                0x10001430                gpio_set_function
 .text.gpio_get_function
                0x10001460       0x14 CMakeFiles/mbot.dir/__/lib/pico-sdk/src/rp2_common/hardware_gpio/gpio.c.obj
                0x10001460                gpio_get_function
 .text.gpio_set_pulls
                0x10001474       0x30 CMakeFiles/mbot.dir/__/lib/pico-sdk/src/rp2_common/hardware_gpio/gpio.c.obj
                0x10001474                gpio_set_pulls
 .text.gpio_set_irq_enabled_with_callback
                0x100014a4       0xac CMakeFiles/mbot.dir/__/lib/pico-sdk/src/rp2_common/hardware_gpio/gpio.c.obj
                0x100014a4                gpio_set_irq_enabled_with_callback
 .text.gpio_init
                0x10001550       0x3c CMakeFiles/mbot.dir/__/lib/pico-sdk/src/rp2_common/hardware_gpio/gpio.c.obj
                0x10001550                gpio_init
 .text.hw_claim_lock
                0x1000158c       0x18 CMakeFiles/mbot.dir/__/lib/pico-sdk/src/rp2_common/hardware_claim/claim.c.obj
                0x1000158c                hw_claim_lock
 .text.hw_claim_unlock
                0x100015a4       0x14 CMakeFiles/mbot.dir/__/lib/pico-sdk/src/rp2_common/hardware_claim/claim.c.obj
                0x100015a4                hw_claim_unlock
 .text.hw_is_claimed
                0x100015b8       0x18 CMakeFiles/mbot.dir/__/lib/pico-sdk/src/rp2_common/hardware_claim/claim.c.obj
                0x100015b8                hw_is_claimed
 .text.hw_claim_or_assert
                0x100015d0       0x44 CMakeFiles/mbot.dir/__/lib/pico-sdk/src/rp2_common/hardware_claim/claim.c.obj
                0x100015d0                hw_claim_or_assert
 .text.hw_claim_unused_from_range
                0x10001614       0x9c CMakeFiles/mbot.dir/__/lib/pico-sdk/src/rp2_common/hardware_claim/claim.c.obj
                0x10001614                hw_claim_unused_from_range
 .text.running_on_fpga
                0x100016b0       0x10 CMakeFiles/mbot.dir/__/lib/pico-sdk/src/rp2_common/pico_platform/platform.c.obj
                0x100016b0                running_on_fpga
 .text.spin_locks_reset
                0x100016c0       0x1c CMakeFiles/mbot.dir/__/lib/pico-sdk/src/rp2_common/hardware_sync/sync.c.obj
                0x100016c0                spin_locks_reset
 .text.next_striped_spin_lock_num
                0x100016dc       0x18 CMakeFiles/mbot.dir/__/lib/pico-sdk/src/rp2_common/hardware_sync/sync.c.obj
                0x100016dc                next_striped_spin_lock_num
 .text.spin_lock_claim_unused
                0x100016f4       0x20 CMakeFiles/mbot.dir/__/lib/pico-sdk/src/rp2_common/hardware_sync/sync.c.obj
                0x100016f4                spin_lock_claim_unused
 .text.irq_set_enabled
                0x10001714       0x24 CMakeFiles/mbot.dir/__/lib/pico-sdk/src/rp2_common/hardware_irq/irq.c.obj
                0x10001714                irq_set_enabled
 .text.irq_is_enabled
                0x10001738       0x18 CMakeFiles/mbot.dir/__/lib/pico-sdk/src/rp2_common/hardware_irq/irq.c.obj
                0x10001738                irq_is_enabled
 .text.irq_set_pending
                0x10001750       0x10 CMakeFiles/mbot.dir/__/lib/pico-sdk/src/rp2_common/hardware_irq/irq.c.obj
                0x10001750                irq_set_pending
 .text.irq_has_shared_handler
                0x10001760       0x2c CMakeFiles/mbot.dir/__/lib/pico-sdk/src/rp2_common/hardware_irq/irq.c.obj
                0x10001760                irq_has_shared_handler
 .text.irq_get_vtable_handler
                0x1000178c       0x10 CMakeFiles/mbot.dir/__/lib/pico-sdk/src/rp2_common/hardware_irq/irq.c.obj
                0x1000178c                irq_get_vtable_handler
 .text.irq_set_exclusive_handler
                0x1000179c       0x54 CMakeFiles/mbot.dir/__/lib/pico-sdk/src/rp2_common/hardware_irq/irq.c.obj
                0x1000179c                irq_set_exclusive_handler
 .text.irq_add_shared_handler
                0x100017f0      0x1c8 CMakeFiles/mbot.dir/__/lib/pico-sdk/src/rp2_common/hardware_irq/irq.c.obj
                0x100017f0                irq_add_shared_handler
 .text.irq_remove_handler
                0x100019b8      0x1b4 CMakeFiles/mbot.dir/__/lib/pico-sdk/src/rp2_common/hardware_irq/irq.c.obj
                0x100019b8                irq_remove_handler
 .text.irq_add_tail_to_free_list
                0x10001b6c       0xb4 CMakeFiles/mbot.dir/__/lib/pico-sdk/src/rp2_common/hardware_irq/irq.c.obj
                0x10001b6c                irq_add_tail_to_free_list
 .text.irq_init_priorities
                0x10001c20       0x24 CMakeFiles/mbot.dir/__/lib/pico-sdk/src/rp2_common/hardware_irq/irq.c.obj
                0x10001c20                irq_init_priorities
 .text.user_irq_claim_unused
                0x10001c44       0x30 CMakeFiles/mbot.dir/__/lib/pico-sdk/src/rp2_common/hardware_irq/irq.c.obj
                0x10001c44                user_irq_claim_unused
 .text.lock_init
                0x10001c74       0x10 CMakeFiles/mbot.dir/__/lib/pico-sdk/src/common/pico_sync/lock_core.c.obj
                0x10001c74                lock_init
 .text.timer_pool_entry_comparator
                0x10001c84       0x34 CMakeFiles/mbot.dir/__/lib/pico-sdk/src/common/pico_time/time.c.obj
                0x10001c84                timer_pool_entry_comparator
 .text.repeating_timer_callback
                0x10001cb8       0x1c CMakeFiles/mbot.dir/__/lib/pico-sdk/src/common/pico_time/time.c.obj
 .text.sleep_until_callback
                0x10001cd4       0x30 CMakeFiles/mbot.dir/__/lib/pico-sdk/src/common/pico_time/time.c.obj
 .text.add_alarm_under_lock
                0x10001d04      0x114 CMakeFiles/mbot.dir/__/lib/pico-sdk/src/common/pico_time/time.c.obj
 .text.alarm_pool_alarm_callback
                0x10001e18      0x1d0 CMakeFiles/mbot.dir/__/lib/pico-sdk/src/common/pico_time/time.c.obj
 .text.alarm_pool_init_default
                0x10001fe8       0x64 CMakeFiles/mbot.dir/__/lib/pico-sdk/src/common/pico_time/time.c.obj
                0x10001fe8                alarm_pool_init_default
 .text.alarm_pool_get_default
                0x1000204c        0x8 CMakeFiles/mbot.dir/__/lib/pico-sdk/src/common/pico_time/time.c.obj
                0x1000204c                alarm_pool_get_default
 .text.alarm_pool_add_alarm_at
                0x10002054      0x19c CMakeFiles/mbot.dir/__/lib/pico-sdk/src/common/pico_time/time.c.obj
                0x10002054                alarm_pool_add_alarm_at
 .text.alarm_pool_cancel_alarm
                0x100021f0       0x70 CMakeFiles/mbot.dir/__/lib/pico-sdk/src/common/pico_time/time.c.obj
                0x100021f0                alarm_pool_cancel_alarm
 .text.alarm_pool_add_repeating_timer_us
                0x10002260      0x240 CMakeFiles/mbot.dir/__/lib/pico-sdk/src/common/pico_time/time.c.obj
                0x10002260                alarm_pool_add_repeating_timer_us
 .text.sleep_until
                0x100024a0       0xc4 CMakeFiles/mbot.dir/__/lib/pico-sdk/src/common/pico_time/time.c.obj
                0x100024a0                sleep_until
 .text.sleep_us
                0x10002564       0xe8 CMakeFiles/mbot.dir/__/lib/pico-sdk/src/common/pico_time/time.c.obj
                0x10002564                sleep_us
 .text.sleep_ms
                0x1000264c       0x38 CMakeFiles/mbot.dir/__/lib/pico-sdk/src/common/pico_time/time.c.obj
                0x1000264c                sleep_ms
 .text.best_effort_wfe_or_timeout
                0x10002684       0x58 CMakeFiles/mbot.dir/__/lib/pico-sdk/src/common/pico_time/time.c.obj
                0x10002684                best_effort_wfe_or_timeout
 .text.hardware_alarm_irq_handler
                0x100026dc       0xb0 CMakeFiles/mbot.dir/__/lib/pico-sdk/src/rp2_common/hardware_timer/timer.c.obj
 .text.hardware_alarm_claim
                0x1000278c       0x18 CMakeFiles/mbot.dir/__/lib/pico-sdk/src/rp2_common/hardware_timer/timer.c.obj
                0x1000278c                hardware_alarm_claim
 .text.time_us_64
                0x100027a4       0x18 CMakeFiles/mbot.dir/__/lib/pico-sdk/src/rp2_common/hardware_timer/timer.c.obj
                0x100027a4                time_us_64
 .text.busy_wait_us
                0x100027bc       0x60 CMakeFiles/mbot.dir/__/lib/pico-sdk/src/rp2_common/hardware_timer/timer.c.obj
                0x100027bc                busy_wait_us
 .text.busy_wait_until
                0x1000281c       0x20 CMakeFiles/mbot.dir/__/lib/pico-sdk/src/rp2_common/hardware_timer/timer.c.obj
                0x1000281c                busy_wait_until
 .text.hardware_alarm_set_callback
                0x1000283c       0x8c CMakeFiles/mbot.dir/__/lib/pico-sdk/src/rp2_common/hardware_timer/timer.c.obj
                0x1000283c                hardware_alarm_set_callback
 .text.hardware_alarm_set_target
                0x100028c8       0xe8 CMakeFiles/mbot.dir/__/lib/pico-sdk/src/rp2_common/hardware_timer/timer.c.obj
                0x100028c8                hardware_alarm_set_target
 .text.hardware_alarm_cancel
                0x100029b0       0x40 CMakeFiles/mbot.dir/__/lib/pico-sdk/src/rp2_common/hardware_timer/timer.c.obj
                0x100029b0                hardware_alarm_cancel
 .text.ph_merge_nodes
                0x100029f0       0x5c CMakeFiles/mbot.dir/__/lib/pico-sdk/src/common/pico_util/pheap.c.obj
 .text.ph_post_alloc_init
                0x10002a4c      0x1b8 CMakeFiles/mbot.dir/__/lib/pico-sdk/src/common/pico_util/pheap.c.obj
                0x10002a4c                ph_post_alloc_init
 .text.ph_merge_two_pass
                0x10002c04       0x4c CMakeFiles/mbot.dir/__/lib/pico-sdk/src/common/pico_util/pheap.c.obj
                0x10002c04                ph_merge_two_pass
 .text.ph_remove_any_head
                0x10002c50      0x1b8 CMakeFiles/mbot.dir/__/lib/pico-sdk/src/common/pico_util/pheap.c.obj
 .text.ph_remove_head
                0x10002e08      0x1bc CMakeFiles/mbot.dir/__/lib/pico-sdk/src/common/pico_util/pheap.c.obj
                0x10002e08                ph_remove_head
 .text.ph_remove_and_free_node
                0x10002fc4       0x7c CMakeFiles/mbot.dir/__/lib/pico-sdk/src/common/pico_util/pheap.c.obj
                0x10002fc4                ph_remove_and_free_node
 .text.mutex_init
                0x10003040       0x1c CMakeFiles/mbot.dir/__/lib/pico-sdk/src/common/pico_sync/mutex.c.obj
                0x10003040                mutex_init
 .text.recursive_mutex_init
                0x1000305c       0x1c CMakeFiles/mbot.dir/__/lib/pico-sdk/src/common/pico_sync/mutex.c.obj
                0x1000305c                recursive_mutex_init
 .text.critical_section_init
                0x10003078       0x20 CMakeFiles/mbot.dir/__/lib/pico-sdk/src/common/pico_sync/critical_section.c.obj
                0x10003078                critical_section_init
 .text.runtime_init
                0x10003098       0xf4 CMakeFiles/mbot.dir/__/lib/pico-sdk/src/rp2_common/pico_runtime/runtime.c.obj
                0x10003098                runtime_init
 .text._sbrk    0x1000318c       0x34 CMakeFiles/mbot.dir/__/lib/pico-sdk/src/rp2_common/pico_runtime/runtime.c.obj
                0x1000318c                _sbrk
 .text.exit     0x100031c0        0x4 CMakeFiles/mbot.dir/__/lib/pico-sdk/src/rp2_common/pico_runtime/runtime.c.obj
                0x100031c0                exit
 .text.panic    0x100031c4       0x30 CMakeFiles/mbot.dir/__/lib/pico-sdk/src/rp2_common/pico_runtime/runtime.c.obj
                0x100031c4                panic
 .text.hard_assertion_failure
                0x100031f4        0xc CMakeFiles/mbot.dir/__/lib/pico-sdk/src/rp2_common/pico_runtime/runtime.c.obj
                0x100031f4                hard_assertion_failure
 .text.clock_configure
                0x10003200      0x148 CMakeFiles/mbot.dir/__/lib/pico-sdk/src/rp2_common/hardware_clocks/clocks.c.obj
                0x10003200                clock_configure
 .text.clocks_init
                0x10003348      0x2c0 CMakeFiles/mbot.dir/__/lib/pico-sdk/src/rp2_common/hardware_clocks/clocks.c.obj
                0x10003348                clocks_init
 .text.clock_get_hz
                0x10003608        0xc CMakeFiles/mbot.dir/__/lib/pico-sdk/src/rp2_common/hardware_clocks/clocks.c.obj
                0x10003608                clock_get_hz
 .text.pll_init
                0x10003614       0xa8 CMakeFiles/mbot.dir/__/lib/pico-sdk/src/rp2_common/hardware_pll/pll.c.obj
                0x10003614                pll_init
 .text.watchdog_start_tick
                0x100036bc       0x10 CMakeFiles/mbot.dir/__/lib/pico-sdk/src/rp2_common/hardware_watchdog/watchdog.c.obj
                0x100036bc                watchdog_start_tick
 .text.watchdog_reboot
                0x100036cc       0x98 CMakeFiles/mbot.dir/__/lib/pico-sdk/src/rp2_common/hardware_watchdog/watchdog.c.obj
                0x100036cc                watchdog_reboot
 .text.xosc_init
                0x10003764       0x28 CMakeFiles/mbot.dir/__/lib/pico-sdk/src/rp2_common/hardware_xosc/xosc.c.obj
                0x10003764                xosc_init
 .text._out_null
                0x1000378c        0x4 CMakeFiles/mbot.dir/__/lib/pico-sdk/src/rp2_common/pico_printf/printf.c.obj
 .text._out_rev
                0x10003790       0x9c CMakeFiles/mbot.dir/__/lib/pico-sdk/src/rp2_common/pico_printf/printf.c.obj
 .text._ntoa_format
                0x1000382c      0x1c8 CMakeFiles/mbot.dir/__/lib/pico-sdk/src/rp2_common/pico_printf/printf.c.obj
 .text._out_char
                0x100039f4       0x10 CMakeFiles/mbot.dir/__/lib/pico-sdk/src/rp2_common/pico_printf/printf.c.obj
 .text._out_fct
                0x10003a04       0x10 CMakeFiles/mbot.dir/__/lib/pico-sdk/src/rp2_common/pico_printf/printf.c.obj
 .text._etoa    0x10003a14      0x45c CMakeFiles/mbot.dir/__/lib/pico-sdk/src/rp2_common/pico_printf/printf.c.obj
 .text._ftoa    0x10003e70      0x4c0 CMakeFiles/mbot.dir/__/lib/pico-sdk/src/rp2_common/pico_printf/printf.c.obj
 .text._vsnprintf
                0x10004330      0xad0 CMakeFiles/mbot.dir/__/lib/pico-sdk/src/rp2_common/pico_printf/printf.c.obj
 .text.vfctprintf
                0x10004e00       0x20 CMakeFiles/mbot.dir/__/lib/pico-sdk/src/rp2_common/pico_printf/printf.c.obj
                0x10004e00                vfctprintf
 .text.weak_raw_vprintf
                0x10004e20       0x30 CMakeFiles/mbot.dir/__/lib/pico-sdk/src/rp2_common/pico_printf/printf.c.obj
                0x10004e20                weak_raw_vprintf
 .text          0x10004e50       0x10 CMakeFiles/mbot.dir/__/lib/pico-sdk/src/rp2_common/pico_bit_ops/bit_ops_aeabi.S.obj
 .text.rom_func_lookup
                0x10004e60       0x10 CMakeFiles/mbot.dir/__/lib/pico-sdk/src/rp2_common/pico_bootrom/bootrom.c.obj
                0x10004e60                rom_func_lookup
 .text.rom_data_lookup
                0x10004e70       0x10 CMakeFiles/mbot.dir/__/lib/pico-sdk/src/rp2_common/pico_bootrom/bootrom.c.obj
                0x10004e70                rom_data_lookup
 .text.rom_funcs_lookup
                0x10004e80       0x3c CMakeFiles/mbot.dir/__/lib/pico-sdk/src/rp2_common/pico_bootrom/bootrom.c.obj
                0x10004e80                rom_funcs_lookup
 .text.__wrap___aeabi_idiv
                0x10004ebc       0x50 CMakeFiles/mbot.dir/__/lib/pico-sdk/src/rp2_common/pico_divider/divider.S.obj
                0x10004ebc                __wrap___aeabi_idivmod
                0x10004ebc                divmod_s32s32
                0x10004ebc                div_s32s32
                0x10004ebc                __wrap___aeabi_idiv
                0x10004ec4                divmod_s32s32_unsafe
                0x10004ef0                divmod_s32s32_savestate
 .text.__wrap___aeabi_uidiv
                0x10004f0c       0x4c CMakeFiles/mbot.dir/__/lib/pico-sdk/src/rp2_common/pico_divider/divider.S.obj
                0x10004f0c                __wrap___aeabi_uidiv
                0x10004f0c                __wrap___aeabi_uidivmod
                0x10004f0c                div_u32u32
                0x10004f0c                divmod_u32u32
                0x10004f14                divmod_u32u32_unsafe
                0x10004f3c                divmod_u32u32_savestate
 .text.__wrap___aeabi_ldiv
                0x10004f58      0x434 CMakeFiles/mbot.dir/__/lib/pico-sdk/src/rp2_common/pico_divider/divider.S.obj
                0x10004f58                div_s64s64
                0x10004f58                divmod_s64s64
                0x10004f58                __wrap___aeabi_ldivmod
                0x10004f90                div_u64u64
                0x10004f90                divmod_u64u64
                0x10004f90                __wrap___aeabi_uldivmod
                0x10004fa0                divmod_u64u64_savestate
                0x10004fc8                divmod_s64s64_unsafe
                0x10005050                divmod_u64u64_unsafe
 .text.push_r8_r11
                0x1000538c        0xc CMakeFiles/mbot.dir/__/lib/pico-sdk/src/rp2_common/pico_double/double_aeabi.S.obj
                0x1000538c                push_r8_r11
 .text.pop_r8_r11
                0x10005398        0xc CMakeFiles/mbot.dir/__/lib/pico-sdk/src/rp2_common/pico_double/double_aeabi.S.obj
                0x10005398                pop_r8_r11
 .text.__wrap___aeabi_darithmetic
                0x100053a4       0x80 CMakeFiles/mbot.dir/__/lib/pico-sdk/src/rp2_common/pico_double/double_aeabi.S.obj
                0x100053a4                __wrap___aeabi_drsub
                0x100053aa                __wrap___aeabi_dsub
                0x100053bc                __wrap___aeabi_dadd
                0x100053ce                __wrap___aeabi_ddiv
                0x1000540a                __wrap___aeabi_dmul
 .text.__wrap___aeabi_cdcmple
                0x10005424       0x6c CMakeFiles/mbot.dir/__/lib/pico-sdk/src/rp2_common/pico_double/double_aeabi.S.obj
                0x10005424                __wrap___aeabi_cdrcmple
                0x10005434                __wrap___aeabi_cdcmple
                0x10005434                __wrap___aeabi_cdcmpeq
 .text.__wrap___aeabi_dcmplt
                0x10005490        0xc CMakeFiles/mbot.dir/__/lib/pico-sdk/src/rp2_common/pico_double/double_aeabi.S.obj
                0x10005490                __wrap___aeabi_dcmplt
 .text.__wrap___aeabi_dcmple
                0x1000549c       0x10 CMakeFiles/mbot.dir/__/lib/pico-sdk/src/rp2_common/pico_double/double_aeabi.S.obj
                0x1000549c                __wrap___aeabi_dcmple
 .text.__wrap___aeabi_dcmpge
                0x100054ac       0x10 CMakeFiles/mbot.dir/__/lib/pico-sdk/src/rp2_common/pico_double/double_aeabi.S.obj
                0x100054ac                __wrap___aeabi_dcmpge
 .text.__wrap___aeabi_dcmpgt
                0x100054bc        0xa CMakeFiles/mbot.dir/__/lib/pico-sdk/src/rp2_common/pico_double/double_aeabi.S.obj
                0x100054bc                __wrap___aeabi_dcmpgt
 .text.__wrap___aeabi_dcmpun
                0x100054c6       0x1c CMakeFiles/mbot.dir/__/lib/pico-sdk/src/rp2_common/pico_double/double_aeabi.S.obj
                0x100054c6                __wrap___aeabi_dcmpun
 *fill*         0x100054e2        0x2 
 .text.__wrap___aeabi_i2d
                0x100054e4       0x38 CMakeFiles/mbot.dir/__/lib/pico-sdk/src/rp2_common/pico_double/double_aeabi.S.obj
                0x100054e4                __wrap___aeabi_ui2d
                0x100054ec                __wrap___aeabi_i2d
 .text.__wrap___aeabi_d2iz
                0x1000551c       0x48 CMakeFiles/mbot.dir/__/lib/pico-sdk/src/rp2_common/pico_double/double_aeabi.S.obj
                0x1000551c                __wrap___aeabi_d2iz
                0x1000551c                double2int_z
 .text.__wrap___aeabi_d2uiz
                0x10005564       0x18 CMakeFiles/mbot.dir/__/lib/pico-sdk/src/rp2_common/pico_double/double_aeabi.S.obj
                0x10005564                double2uint
                0x10005564                __wrap___aeabi_d2uiz
 .text.fix642double
                0x1000557c       0x18 CMakeFiles/mbot.dir/__/lib/pico-sdk/src/rp2_common/pico_double/double_aeabi.S.obj
                0x1000557c                fix642double
 .text.__wrap___aeabi_ul2d
                0x10005594       0x18 CMakeFiles/mbot.dir/__/lib/pico-sdk/src/rp2_common/pico_double/double_aeabi.S.obj
                0x10005594                __wrap___aeabi_ul2d
 .text.__wrap___aeabi_d2f
                0x100055ac       0x18 CMakeFiles/mbot.dir/__/lib/pico-sdk/src/rp2_common/pico_double/double_aeabi.S.obj
                0x100055ac                __wrap___aeabi_d2f
 .text.__wrap_srqt
                0x100055c4       0x18 CMakeFiles/mbot.dir/__/lib/pico-sdk/src/rp2_common/pico_double/double_aeabi.S.obj
                0x100055c4                __wrap_sqrt
 .text.__wrap_sincostan_remainder
                0x100055dc       0x14 CMakeFiles/mbot.dir/__/lib/pico-sdk/src/rp2_common/pico_double/double_aeabi.S.obj
                0x100055dc                sincostan_remainder
 .text.__wrap_cos
                0x100055f0       0x2c CMakeFiles/mbot.dir/__/lib/pico-sdk/src/rp2_common/pico_double/double_aeabi.S.obj
                0x100055f0                __wrap_cos
 .text.__wrap_sin
                0x1000561c       0x2c CMakeFiles/mbot.dir/__/lib/pico-sdk/src/rp2_common/pico_double/double_aeabi.S.obj
                0x1000561c                __wrap_sin
 .text.__wrap_atan2
                0x10005648       0x18 CMakeFiles/mbot.dir/__/lib/pico-sdk/src/rp2_common/pico_double/double_aeabi.S.obj
                0x10005648                __wrap_atan2
 .text.__aeabi_double_init
                0x10005660       0xbc CMakeFiles/mbot.dir/__/lib/pico-sdk/src/rp2_common/pico_double/double_init_rom.c.obj
                0x10005660                __aeabi_double_init
 .text.__wrap_round
                0x1000571c       0xa0 CMakeFiles/mbot.dir/__/lib/pico-sdk/src/rp2_common/pico_double/double_math.c.obj
                0x1000571c                __wrap_round
 .text.__wrap_asin
                0x100057bc       0x58 CMakeFiles/mbot.dir/__/lib/pico-sdk/src/rp2_common/pico_double/double_math.c.obj
                0x100057bc                __wrap_asin
 .text.__wrap_fmod
                0x10005814      0x17c CMakeFiles/mbot.dir/__/lib/pico-sdk/src/rp2_common/pico_double/double_math.c.obj
                0x10005814                __wrap_fmod
 .text.__wrap_remquo
                0x10005990      0x288 CMakeFiles/mbot.dir/__/lib/pico-sdk/src/rp2_common/pico_double/double_math.c.obj
                0x10005990                __wrap_remquo
 .text.__wrap_remainder
                0x10005c18       0x10 CMakeFiles/mbot.dir/__/lib/pico-sdk/src/rp2_common/pico_double/double_math.c.obj
                0x10005c18                __wrap_remainder
 .text.double_table_shim_on_use_helper
                0x10005c28       0x2c CMakeFiles/mbot.dir/__/lib/pico-sdk/src/rp2_common/pico_double/double_v1_rom_shim.S.obj
                0x10005c28                double_table_shim_on_use_helper
 .text.__wrap___aeabi_dsub
                0x10005c54       0x10 CMakeFiles/mbot.dir/__/lib/pico-sdk/src/rp2_common/pico_double/double_v1_rom_shim.S.obj
                0x10005c54                drsub_shim
                0x10005c5a                dsub_shim
 .text.dadd_shim
                0x10005c64      0x15c CMakeFiles/mbot.dir/__/lib/pico-sdk/src/rp2_common/pico_double/double_v1_rom_shim.S.obj
                0x10005c64                dadd_shim
 .text.dmul_shim
                0x10005dc0      0x15c CMakeFiles/mbot.dir/__/lib/pico-sdk/src/rp2_common/pico_double/double_v1_rom_shim.S.obj
                0x10005dc0                dmul_shim
 .text.ddiv_shim
                0x10005f1c      0x1b0 CMakeFiles/mbot.dir/__/lib/pico-sdk/src/rp2_common/pico_double/double_v1_rom_shim.S.obj
                0x10005f1c                ddiv_shim
 .text.dsqrt_shim
                0x100060cc      0x1a8 CMakeFiles/mbot.dir/__/lib/pico-sdk/src/rp2_common/pico_double/double_v1_rom_shim.S.obj
                0x100060e8                dsqrt_shim
 .text.dcordic_vec_step
                0x10006274        0xe CMakeFiles/mbot.dir/__/lib/pico-sdk/src/rp2_common/pico_double/double_v1_rom_shim.S.obj
                0x10006274                dcordic_vec_step
 .text.dcordic_rot_step
                0x10006282       0x76 CMakeFiles/mbot.dir/__/lib/pico-sdk/src/rp2_common/pico_double/double_v1_rom_shim.S.obj
                0x10006282                dcordic_rot_step
 .text.double2uint_shim
                0x100062f8        0xe CMakeFiles/mbot.dir/__/lib/pico-sdk/src/rp2_common/pico_double/double_v1_rom_shim.S.obj
                0x100062f8                double2uint_shim
                0x100062fa                double2ufix_shim
 .text.double2int64_shim
                0x10006306       0x1a CMakeFiles/mbot.dir/__/lib/pico-sdk/src/rp2_common/pico_double/double_v1_rom_shim.S.obj
                0x10006306                double2int64_shim
                0x10006308                double2fix64_shim
 .text.double2uint64_shim
                0x10006320       0x70 CMakeFiles/mbot.dir/__/lib/pico-sdk/src/rp2_common/pico_double/double_v1_rom_shim.S.obj
                0x10006320                double2uint64_shim
                0x10006322                double2ufix64_shim
                0x10006342                d2fix_a
 .text.double2float_shim
                0x10006390       0x5c CMakeFiles/mbot.dir/__/lib/pico-sdk/src/rp2_common/pico_double/double_v1_rom_shim.S.obj
                0x10006390                double2float_shim
 .text.x2double_shims
                0x100063ec       0x90 CMakeFiles/mbot.dir/__/lib/pico-sdk/src/rp2_common/pico_double/double_v1_rom_shim.S.obj
                0x100063ec                uint2double_shim
                0x100063ee                ufix2double_shim
                0x100063f4                int2double_shim
                0x100063f6                fix2double_shim
                0x100063fc                uint642double_shim
                0x100063fe                ufix642double_shim
                0x10006404                int642double_shim
                0x10006406                fix642double_shim
 .text.dunpacks
                0x1000647c       0x3c CMakeFiles/mbot.dir/__/lib/pico-sdk/src/rp2_common/pico_double/double_v1_rom_shim.S.obj
                0x1000647c                dunpacks
 .text.dreduce  0x100064b8       0x82 CMakeFiles/mbot.dir/__/lib/pico-sdk/src/rp2_common/pico_double/double_v1_rom_shim.S.obj
                0x100064b8                dreduce
 .text.dcos_shim
                0x1000653a       0x10 CMakeFiles/mbot.dir/__/lib/pico-sdk/src/rp2_common/pico_double/double_v1_rom_shim.S.obj
                0x1000653a                dcos_shim
 .text.dsin_shim
                0x1000654a       0x14 CMakeFiles/mbot.dir/__/lib/pico-sdk/src/rp2_common/pico_double/double_v1_rom_shim.S.obj
                0x1000654a                dsin_shim
 *fill*         0x1000655e        0x2 
 .text.dtrig_guts
                0x10006560      0x2ec CMakeFiles/mbot.dir/__/lib/pico-sdk/src/rp2_common/pico_double/double_v1_rom_shim.S.obj
                0x10006638                datan2_shim
 .text.__aeabi_lmul
                0x1000684c       0x32 CMakeFiles/mbot.dir/__/lib/pico-sdk/src/rp2_common/pico_int64_ops/pico_int64_ops_aeabi.S.obj
                0x1000684c                __wrap___aeabi_lmul
 *fill*         0x1000687e        0x2 
 .text.__wrap___aeabi_farithmetic
                0x10006880       0x48 CMakeFiles/mbot.dir/__/lib/pico-sdk/src/rp2_common/pico_float/float_aeabi.S.obj
                0x10006880                __wrap___aeabi_frsub
                0x10006886                __wrap___aeabi_fsub
                0x1000688c                __wrap___aeabi_fadd
                0x10006892                __wrap___aeabi_fdiv
                0x100068ba                __wrap___aeabi_fmul
 .text.__wrap___aeabi_cfcmple
                0x100068c8       0x50 CMakeFiles/mbot.dir/__/lib/pico-sdk/src/rp2_common/pico_float/float_aeabi.S.obj
                0x100068c8                __wrap___aeabi_cfrcmple
                0x100068d4                __wrap___aeabi_cfcmpeq
                0x100068d4                __wrap___aeabi_cfcmple
 .text.__wrap___aeabi_fcmpeq
                0x10006918       0x10 CMakeFiles/mbot.dir/__/lib/pico-sdk/src/rp2_common/pico_float/float_aeabi.S.obj
                0x10006918                __wrap___aeabi_fcmpeq
 .text.__wrap___aeabi_fcmplt
                0x10006928        0xc CMakeFiles/mbot.dir/__/lib/pico-sdk/src/rp2_common/pico_float/float_aeabi.S.obj
                0x10006928                __wrap___aeabi_fcmplt
 .text.__wrap___aeabi_fcmpgt
                0x10006934        0xa CMakeFiles/mbot.dir/__/lib/pico-sdk/src/rp2_common/pico_float/float_aeabi.S.obj
                0x10006934                __wrap___aeabi_fcmpgt
 *fill*         0x1000693e        0x2 
 .text.__wrap___aeabi_i2f
                0x10006940       0x44 CMakeFiles/mbot.dir/__/lib/pico-sdk/src/rp2_common/pico_float/float_aeabi.S.obj
                0x10006940                __wrap___aeabi_i2f
 .text.__wrap___aeabi_f2d
                0x10006984       0x14 CMakeFiles/mbot.dir/__/lib/pico-sdk/src/rp2_common/pico_float/float_aeabi.S.obj
                0x10006984                __wrap___aeabi_f2d
 .text.__wrap_srqtf
                0x10006998       0x20 CMakeFiles/mbot.dir/__/lib/pico-sdk/src/rp2_common/pico_float/float_aeabi.S.obj
                0x10006998                __wrap_sqrtf
 .text.__aeabi_float_init
                0x100069b8       0x68 CMakeFiles/mbot.dir/__/lib/pico-sdk/src/rp2_common/pico_float/float_init_rom.c.obj
                0x100069b8                __aeabi_float_init
 .text.float_table_shim_on_use_helper
                0x10006a20       0x2c CMakeFiles/mbot.dir/__/lib/pico-sdk/src/rp2_common/pico_float/float_v1_rom_shim.S.obj
                0x10006a20                float_table_shim_on_use_helper
 .text.float2double_shim
                0x10006a4c       0x30 CMakeFiles/mbot.dir/__/lib/pico-sdk/src/rp2_common/pico_float/float_v1_rom_shim.S.obj
                0x10006a4c                float2double_shim
 .text.__wrap_malloc
                0x10006a7c       0x3c CMakeFiles/mbot.dir/__/lib/pico-sdk/src/rp2_common/pico_malloc/pico_malloc.c.obj
                0x10006a7c                __wrap_malloc
 .text.__wrap_calloc
                0x10006ab8       0x40 CMakeFiles/mbot.dir/__/lib/pico-sdk/src/rp2_common/pico_malloc/pico_malloc.c.obj
                0x10006ab8                __wrap_calloc
 .text.__wrap_free
                0x10006af8       0x20 CMakeFiles/mbot.dir/__/lib/pico-sdk/src/rp2_common/pico_malloc/pico_malloc.c.obj
                0x10006af8                __wrap_free
 .text          0x10006b18       0x10 CMakeFiles/mbot.dir/__/lib/pico-sdk/src/rp2_common/pico_mem_ops/mem_ops_aeabi.S.obj
                0x10006b18                __aeabi_mem_init
 .text.memset   0x10006b28        0xc CMakeFiles/mbot.dir/__/lib/pico-sdk/src/rp2_common/pico_mem_ops/mem_ops_aeabi.S.obj
                0x10006b28                __wrap_memset
 .text.memcpy   0x10006b34        0xc CMakeFiles/mbot.dir/__/lib/pico-sdk/src/rp2_common/pico_mem_ops/mem_ops_aeabi.S.obj
                0x10006b34                __wrap___aeabi_memcpy
                0x10006b34                __wrap_memcpy
 .text.stdio_out_chars_no_crlf
                0x10006b40       0x10 CMakeFiles/mbot.dir/__/lib/pico-sdk/src/rp2_common/pico_stdio/stdio.c.obj
 .text.stdio_out_chars_crlf
                0x10006b50       0xac CMakeFiles/mbot.dir/__/lib/pico-sdk/src/rp2_common/pico_stdio/stdio.c.obj
 .text.stdio_stack_buffer_flush.part.1
                0x10006bfc       0xe8 CMakeFiles/mbot.dir/__/lib/pico-sdk/src/rp2_common/pico_stdio/stdio.c.obj
 .text.stdio_buffered_printer
                0x10006ce4       0x20 CMakeFiles/mbot.dir/__/lib/pico-sdk/src/rp2_common/pico_stdio/stdio.c.obj
 .text.stdio_put_string
                0x10006d04       0xf8 CMakeFiles/mbot.dir/__/lib/pico-sdk/src/rp2_common/pico_stdio/stdio.c.obj
 .text.__wrap_putchar
                0x10006dfc       0xa4 CMakeFiles/mbot.dir/__/lib/pico-sdk/src/rp2_common/pico_stdio/stdio.c.obj
                0x10006dfc                __wrap_putchar
 .text.__wrap_puts
                0x10006ea0       0x3c CMakeFiles/mbot.dir/__/lib/pico-sdk/src/rp2_common/pico_stdio/stdio.c.obj
                0x10006ea0                __wrap_puts
 .text._read    0x10006edc       0x94 CMakeFiles/mbot.dir/__/lib/pico-sdk/src/rp2_common/pico_stdio/stdio.c.obj
                0x10006edc                _read
 .text._write   0x10006f70       0x24 CMakeFiles/mbot.dir/__/lib/pico-sdk/src/rp2_common/pico_stdio/stdio.c.obj
                0x10006f70                _write
 .text.stdio_set_driver_enabled
                0x10006f94       0x30 CMakeFiles/mbot.dir/__/lib/pico-sdk/src/rp2_common/pico_stdio/stdio.c.obj
                0x10006f94                stdio_set_driver_enabled
 .text.__wrap_vprintf
                0x10006fc4       0x98 CMakeFiles/mbot.dir/__/lib/pico-sdk/src/rp2_common/pico_stdio/stdio.c.obj
                0x10006fc4                __wrap_vprintf
 .text.__wrap_printf
                0x1000705c       0x18 CMakeFiles/mbot.dir/__/lib/pico-sdk/src/rp2_common/pico_stdio/stdio.c.obj
                0x1000705c                __wrap_printf
 .text.stdio_init_all
                0x10007074        0x8 CMakeFiles/mbot.dir/__/lib/pico-sdk/src/rp2_common/pico_stdio/stdio.c.obj
                0x10007074                stdio_init_all
 .text.resetd_init
                0x1000707c        0x4 CMakeFiles/mbot.dir/__/lib/pico-sdk/src/rp2_common/pico_stdio_usb/reset_interface.c.obj
 .text.resetd_reset
                0x10007080        0xc CMakeFiles/mbot.dir/__/lib/pico-sdk/src/rp2_common/pico_stdio_usb/reset_interface.c.obj
 .text.resetd_open
                0x1000708c       0x28 CMakeFiles/mbot.dir/__/lib/pico-sdk/src/rp2_common/pico_stdio_usb/reset_interface.c.obj
 .text.resetd_xfer_cb
                0x100070b4        0x4 CMakeFiles/mbot.dir/__/lib/pico-sdk/src/rp2_common/pico_stdio_usb/reset_interface.c.obj
 .text.resetd_control_xfer_cb
                0x100070b8       0x64 CMakeFiles/mbot.dir/__/lib/pico-sdk/src/rp2_common/pico_stdio_usb/reset_interface.c.obj
 .text.usbd_app_driver_get_cb
                0x1000711c        0xc CMakeFiles/mbot.dir/__/lib/pico-sdk/src/rp2_common/pico_stdio_usb/reset_interface.c.obj
                0x1000711c                usbd_app_driver_get_cb
 .text.tud_cdc_line_coding_cb
                0x10007128       0x34 CMakeFiles/mbot.dir/__/lib/pico-sdk/src/rp2_common/pico_stdio_usb/reset_interface.c.obj
                0x10007128                tud_cdc_line_coding_cb
 .text.stdio_usb_in_chars
                0x1000715c       0x68 CMakeFiles/mbot.dir/__/lib/pico-sdk/src/rp2_common/pico_stdio_usb/stdio_usb.c.obj
                0x1000715c                stdio_usb_in_chars
 .text.stdio_usb_out_chars
                0x100071c4       0xf0 CMakeFiles/mbot.dir/__/lib/pico-sdk/src/rp2_common/pico_stdio_usb/stdio_usb.c.obj
 .text.timer_task
                0x100072b4       0x18 CMakeFiles/mbot.dir/__/lib/pico-sdk/src/rp2_common/pico_stdio_usb/stdio_usb.c.obj
 .text.usb_irq  0x100072cc       0x10 CMakeFiles/mbot.dir/__/lib/pico-sdk/src/rp2_common/pico_stdio_usb/stdio_usb.c.obj
 .text.low_priority_worker_irq
                0x100072dc       0x24 CMakeFiles/mbot.dir/__/lib/pico-sdk/src/rp2_common/pico_stdio_usb/stdio_usb.c.obj
 .text.stdio_usb_in_chars_itf
                0x10007300       0x6c CMakeFiles/mbot.dir/__/lib/pico-sdk/src/rp2_common/pico_stdio_usb/stdio_usb.c.obj
                0x10007300                stdio_usb_in_chars_itf
 .text.stdio_usb_out_chars_itf
                0x1000736c       0xf8 CMakeFiles/mbot.dir/__/lib/pico-sdk/src/rp2_common/pico_stdio_usb/stdio_usb.c.obj
                0x1000736c                stdio_usb_out_chars_itf
 .text.stdio_usb_init
                0x10007464       0xac CMakeFiles/mbot.dir/__/lib/pico-sdk/src/rp2_common/pico_stdio_usb/stdio_usb.c.obj
                0x10007464                stdio_usb_init
 .text.tud_descriptor_device_cb
                0x10007510        0x8 CMakeFiles/mbot.dir/__/lib/pico-sdk/src/rp2_common/pico_stdio_usb/stdio_usb_descriptors.c.obj
                0x10007510                tud_descriptor_device_cb
 .text.tud_descriptor_configuration_cb
                0x10007518        0x8 CMakeFiles/mbot.dir/__/lib/pico-sdk/src/rp2_common/pico_stdio_usb/stdio_usb_descriptors.c.obj
                0x10007518                tud_descriptor_configuration_cb
 .text.tud_descriptor_string_cb
                0x10007520       0x70 CMakeFiles/mbot.dir/__/lib/pico-sdk/src/rp2_common/pico_stdio_usb/stdio_usb_descriptors.c.obj
                0x10007520                tud_descriptor_string_cb
 .text.dcd_rp2040_irq
                0x10007590      0x21c CMakeFiles/mbot.dir/__/lib/pico-sdk/lib/tinyusb/src/portable/raspberrypi/rp2040/dcd_rp2040.c.obj
 .text.dcd_int_enable
                0x100077ac        0xc CMakeFiles/mbot.dir/__/lib/pico-sdk/lib/tinyusb/src/portable/raspberrypi/rp2040/dcd_rp2040.c.obj
                0x100077ac                dcd_int_enable
 .text.dcd_set_address
                0x100077b8       0x14 CMakeFiles/mbot.dir/__/lib/pico-sdk/lib/tinyusb/src/portable/raspberrypi/rp2040/dcd_rp2040.c.obj
                0x100077b8                dcd_set_address
 .text.dcd_connect
                0x100077cc       0x10 CMakeFiles/mbot.dir/__/lib/pico-sdk/lib/tinyusb/src/portable/raspberrypi/rp2040/dcd_rp2040.c.obj
                0x100077cc                dcd_connect
 .text.dcd_init
                0x100077dc      0x144 CMakeFiles/mbot.dir/__/lib/pico-sdk/lib/tinyusb/src/portable/raspberrypi/rp2040/dcd_rp2040.c.obj
                0x100077dc                dcd_init
 .text.dcd_edpt0_status_complete
                0x10007920       0x1c CMakeFiles/mbot.dir/__/lib/pico-sdk/lib/tinyusb/src/portable/raspberrypi/rp2040/dcd_rp2040.c.obj
                0x10007920                dcd_edpt0_status_complete
 .text.dcd_edpt_open
                0x1000793c       0xe4 CMakeFiles/mbot.dir/__/lib/pico-sdk/lib/tinyusb/src/portable/raspberrypi/rp2040/dcd_rp2040.c.obj
                0x1000793c                dcd_edpt_open
 .text.dcd_edpt_close_all
                0x10007a20       0xbc CMakeFiles/mbot.dir/__/lib/pico-sdk/lib/tinyusb/src/portable/raspberrypi/rp2040/dcd_rp2040.c.obj
                0x10007a20                dcd_edpt_close_all
 .text.dcd_edpt_xfer
                0x10007adc       0x24 CMakeFiles/mbot.dir/__/lib/pico-sdk/lib/tinyusb/src/portable/raspberrypi/rp2040/dcd_rp2040.c.obj
                0x10007adc                dcd_edpt_xfer
 .text.dcd_edpt_stall
                0x10007b00       0x34 CMakeFiles/mbot.dir/__/lib/pico-sdk/lib/tinyusb/src/portable/raspberrypi/rp2040/dcd_rp2040.c.obj
                0x10007b00                dcd_edpt_stall
 .text.dcd_edpt_clear_stall
                0x10007b34       0x2c CMakeFiles/mbot.dir/__/lib/pico-sdk/lib/tinyusb/src/portable/raspberrypi/rp2040/dcd_rp2040.c.obj
                0x10007b34                dcd_edpt_clear_stall
 .text._hw_endpoint_buffer_control_update32.part.2
                0x10007b60       0x20 CMakeFiles/mbot.dir/__/lib/pico-sdk/lib/tinyusb/src/portable/raspberrypi/rp2040/rp2040_usb.c.obj
 .text.rp2040_usb_init
                0x10007b80       0x4c CMakeFiles/mbot.dir/__/lib/pico-sdk/lib/tinyusb/src/portable/raspberrypi/rp2040/rp2040_usb.c.obj
                0x10007b80                rp2040_usb_init
 .text.hw_endpoint_reset_transfer
                0x10007bcc        0xc CMakeFiles/mbot.dir/__/lib/pico-sdk/lib/tinyusb/src/portable/raspberrypi/rp2040/rp2040_usb.c.obj
                0x10007bcc                hw_endpoint_reset_transfer
 .text._hw_endpoint_buffer_control_update32
                0x10007bd8       0x40 CMakeFiles/mbot.dir/__/lib/pico-sdk/lib/tinyusb/src/portable/raspberrypi/rp2040/rp2040_usb.c.obj
                0x10007bd8                _hw_endpoint_buffer_control_update32
 .text.hw_endpoint_xfer_start
                0x10007c18      0x138 CMakeFiles/mbot.dir/__/lib/pico-sdk/lib/tinyusb/src/portable/raspberrypi/rp2040/rp2040_usb.c.obj
                0x10007c18                hw_endpoint_xfer_start
 .text.hw_endpoint_xfer_continue
                0x10007d50      0x1e0 CMakeFiles/mbot.dir/__/lib/pico-sdk/lib/tinyusb/src/portable/raspberrypi/rp2040/rp2040_usb.c.obj
                0x10007d50                hw_endpoint_xfer_continue
 .text.tud_mounted
                0x10007f30       0x10 CMakeFiles/mbot.dir/__/lib/pico-sdk/lib/tinyusb/src/device/usbd.c.obj
                0x10007f30                tud_mounted
 .text.tud_suspended
                0x10007f40       0x10 CMakeFiles/mbot.dir/__/lib/pico-sdk/lib/tinyusb/src/device/usbd.c.obj
                0x10007f40                tud_suspended
 .text.tud_inited
                0x10007f50        0xc CMakeFiles/mbot.dir/__/lib/pico-sdk/lib/tinyusb/src/device/usbd.c.obj
                0x10007f50                tud_inited
 .text.tud_init
                0x10007f5c       0xd4 CMakeFiles/mbot.dir/__/lib/pico-sdk/lib/tinyusb/src/device/usbd.c.obj
                0x10007f5c                tud_init
 .text.tud_task
                0x10008030      0x928 CMakeFiles/mbot.dir/__/lib/pico-sdk/lib/tinyusb/src/device/usbd.c.obj
                0x10008030                tud_task
 .text.dcd_event_bus_signal
                0x10008958      0x124 CMakeFiles/mbot.dir/__/lib/pico-sdk/lib/tinyusb/src/device/usbd.c.obj
                0x10008958                dcd_event_bus_signal
 .text.dcd_event_bus_reset
                0x10008a7c       0x58 CMakeFiles/mbot.dir/__/lib/pico-sdk/lib/tinyusb/src/device/usbd.c.obj
                0x10008a7c                dcd_event_bus_reset
 .text.dcd_event_setup_received
                0x10008ad4       0x50 CMakeFiles/mbot.dir/__/lib/pico-sdk/lib/tinyusb/src/device/usbd.c.obj
                0x10008ad4                dcd_event_setup_received
 .text.dcd_event_xfer_complete
                0x10008b24       0x68 CMakeFiles/mbot.dir/__/lib/pico-sdk/lib/tinyusb/src/device/usbd.c.obj
                0x10008b24                dcd_event_xfer_complete
 .text.usbd_open_edpt_pair
                0x10008b8c       0x9c CMakeFiles/mbot.dir/__/lib/pico-sdk/lib/tinyusb/src/device/usbd.c.obj
                0x10008b8c                usbd_open_edpt_pair
 .text.usbd_edpt_open
                0x10008c28       0x30 CMakeFiles/mbot.dir/__/lib/pico-sdk/lib/tinyusb/src/device/usbd.c.obj
                0x10008c28                usbd_edpt_open
 .text.usbd_edpt_claim
                0x10008c58       0x60 CMakeFiles/mbot.dir/__/lib/pico-sdk/lib/tinyusb/src/device/usbd.c.obj
                0x10008c58                usbd_edpt_claim
 .text.usbd_edpt_release
                0x10008cb8       0x4c CMakeFiles/mbot.dir/__/lib/pico-sdk/lib/tinyusb/src/device/usbd.c.obj
                0x10008cb8                usbd_edpt_release
 .text.usbd_edpt_xfer
                0x10008d04       0x48 CMakeFiles/mbot.dir/__/lib/pico-sdk/lib/tinyusb/src/device/usbd.c.obj
                0x10008d04                usbd_edpt_xfer
 .text.tud_control_status
                0x10008d4c       0x30 CMakeFiles/mbot.dir/__/lib/pico-sdk/lib/tinyusb/src/device/usbd_control.c.obj
                0x10008d4c                tud_control_status
 .text.tud_control_xfer
                0x10008d7c       0xb4 CMakeFiles/mbot.dir/__/lib/pico-sdk/lib/tinyusb/src/device/usbd_control.c.obj
                0x10008d7c                tud_control_xfer
 .text.usbd_control_reset
                0x10008e30       0x14 CMakeFiles/mbot.dir/__/lib/pico-sdk/lib/tinyusb/src/device/usbd_control.c.obj
                0x10008e30                usbd_control_reset
 .text.usbd_control_set_complete_callback
                0x10008e44        0xc CMakeFiles/mbot.dir/__/lib/pico-sdk/lib/tinyusb/src/device/usbd_control.c.obj
                0x10008e44                usbd_control_set_complete_callback
 .text.usbd_control_set_request
                0x10008e50       0x1c CMakeFiles/mbot.dir/__/lib/pico-sdk/lib/tinyusb/src/device/usbd_control.c.obj
                0x10008e50                usbd_control_set_request
 .text.usbd_control_xfer_cb
                0x10008e6c       0xfc CMakeFiles/mbot.dir/__/lib/pico-sdk/lib/tinyusb/src/device/usbd_control.c.obj
                0x10008e6c                usbd_control_xfer_cb
 .text.tud_cdc_n_connected
                0x10008f68       0x30 CMakeFiles/mbot.dir/__/lib/pico-sdk/lib/tinyusb/src/class/cdc/cdc_device.c.obj
                0x10008f68                tud_cdc_n_connected
 .text.tud_cdc_n_available
                0x10008f98       0x18 CMakeFiles/mbot.dir/__/lib/pico-sdk/lib/tinyusb/src/class/cdc/cdc_device.c.obj
                0x10008f98                tud_cdc_n_available
 .text.tud_cdc_n_read
                0x10008fb0       0x70 CMakeFiles/mbot.dir/__/lib/pico-sdk/lib/tinyusb/src/class/cdc/cdc_device.c.obj
                0x10008fb0                tud_cdc_n_read
 .text.tud_cdc_n_write_flush
                0x10009020       0x78 CMakeFiles/mbot.dir/__/lib/pico-sdk/lib/tinyusb/src/class/cdc/cdc_device.c.obj
                0x10009020                tud_cdc_n_write_flush
 .text.tud_cdc_n_write
                0x10009098       0x34 CMakeFiles/mbot.dir/__/lib/pico-sdk/lib/tinyusb/src/class/cdc/cdc_device.c.obj
                0x10009098                tud_cdc_n_write
 .text.tud_cdc_n_write_available
                0x100090cc       0x18 CMakeFiles/mbot.dir/__/lib/pico-sdk/lib/tinyusb/src/class/cdc/cdc_device.c.obj
                0x100090cc                tud_cdc_n_write_available
 .text.cdcd_init
                0x100090e4      0x118 CMakeFiles/mbot.dir/__/lib/pico-sdk/lib/tinyusb/src/class/cdc/cdc_device.c.obj
                0x100090e4                cdcd_init
 .text.cdcd_reset
                0x100091fc       0x5c CMakeFiles/mbot.dir/__/lib/pico-sdk/lib/tinyusb/src/class/cdc/cdc_device.c.obj
                0x100091fc                cdcd_reset
 .text.cdcd_open
                0x10009258      0x140 CMakeFiles/mbot.dir/__/lib/pico-sdk/lib/tinyusb/src/class/cdc/cdc_device.c.obj
                0x10009258                cdcd_open
 .text.cdcd_control_xfer_cb
                0x10009398       0xf4 CMakeFiles/mbot.dir/__/lib/pico-sdk/lib/tinyusb/src/class/cdc/cdc_device.c.obj
                0x10009398                cdcd_control_xfer_cb
 .text.cdcd_xfer_cb
                0x1000948c      0x180 CMakeFiles/mbot.dir/__/lib/pico-sdk/lib/tinyusb/src/class/cdc/cdc_device.c.obj
                0x1000948c                cdcd_xfer_cb
 .text.tusb_init
                0x1000960c        0xc CMakeFiles/mbot.dir/__/lib/pico-sdk/lib/tinyusb/src/tusb.c.obj
                0x1000960c                tusb_init
 .text.tusb_inited
                0x10009618        0x8 CMakeFiles/mbot.dir/__/lib/pico-sdk/lib/tinyusb/src/tusb.c.obj
                0x10009618                tusb_inited
 .text.tu_edpt_validate
                0x10009620       0x74 CMakeFiles/mbot.dir/__/lib/pico-sdk/lib/tinyusb/src/tusb.c.obj
                0x10009620                tu_edpt_validate
 .text.tu_edpt_bind_driver
                0x10009694       0x2c CMakeFiles/mbot.dir/__/lib/pico-sdk/lib/tinyusb/src/tusb.c.obj
                0x10009694                tu_edpt_bind_driver
 .text.tu_fifo_config
                0x100096c0       0x78 CMakeFiles/mbot.dir/__/lib/pico-sdk/lib/tinyusb/src/common/tusb_fifo.c.obj
                0x100096c0                tu_fifo_config
 .text.tu_fifo_count
                0x10009738       0x24 CMakeFiles/mbot.dir/__/lib/pico-sdk/lib/tinyusb/src/common/tusb_fifo.c.obj
                0x10009738                tu_fifo_count
 .text.tu_fifo_empty
                0x1000975c       0x10 CMakeFiles/mbot.dir/__/lib/pico-sdk/lib/tinyusb/src/common/tusb_fifo.c.obj
                0x1000975c                tu_fifo_empty
 .text.tu_fifo_remaining
                0x1000976c       0x20 CMakeFiles/mbot.dir/__/lib/pico-sdk/lib/tinyusb/src/common/tusb_fifo.c.obj
                0x1000976c                tu_fifo_remaining
 .text.tu_fifo_read
                0x1000978c       0xa0 CMakeFiles/mbot.dir/__/lib/pico-sdk/lib/tinyusb/src/common/tusb_fifo.c.obj
                0x1000978c                tu_fifo_read
 .text.tu_fifo_read_n
                0x1000982c       0xf8 CMakeFiles/mbot.dir/__/lib/pico-sdk/lib/tinyusb/src/common/tusb_fifo.c.obj
                0x1000982c                tu_fifo_read_n
 .text.tu_fifo_write
                0x10009924       0x80 CMakeFiles/mbot.dir/__/lib/pico-sdk/lib/tinyusb/src/common/tusb_fifo.c.obj
                0x10009924                tu_fifo_write
 .text.tu_fifo_write_n
                0x100099a4       0xfc CMakeFiles/mbot.dir/__/lib/pico-sdk/lib/tinyusb/src/common/tusb_fifo.c.obj
                0x100099a4                tu_fifo_write_n
 .text.tu_fifo_clear
                0x10009aa0       0x4c CMakeFiles/mbot.dir/__/lib/pico-sdk/lib/tinyusb/src/common/tusb_fifo.c.obj
                0x10009aa0                tu_fifo_clear
 .text.tu_fifo_set_overwritable
                0x10009aec       0x3c CMakeFiles/mbot.dir/__/lib/pico-sdk/lib/tinyusb/src/common/tusb_fifo.c.obj
                0x10009aec                tu_fifo_set_overwritable
 .text.startup._retrieve_unique_id_on_boot
                0x10009b28       0x10 CMakeFiles/mbot.dir/__/lib/pico-sdk/src/rp2_common/pico_unique_id/unique_id.c.obj
 .text.pico_get_unique_board_id_string
                0x10009b38      0x1cc CMakeFiles/mbot.dir/__/lib/pico-sdk/src/rp2_common/pico_unique_id/unique_id.c.obj
                0x10009b38                pico_get_unique_board_id_string
 .text.flash_get_unique_id
                0x10009d04       0x3c CMakeFiles/mbot.dir/__/lib/pico-sdk/src/rp2_common/hardware_flash/flash.c.obj
                0x10009d04                flash_get_unique_id
 .text.core1_trampoline
                0x10009d40        0x4 CMakeFiles/mbot.dir/__/lib/pico-sdk/src/rp2_common/pico_multicore/multicore.c.obj
 .text.core1_wrapper
                0x10009d44        0xc CMakeFiles/mbot.dir/__/lib/pico-sdk/src/rp2_common/pico_multicore/multicore.c.obj
                0x10009d44                core1_wrapper
 .text.multicore_launch_core1
                0x10009d50       0xc0 CMakeFiles/mbot.dir/__/lib/pico-sdk/src/rp2_common/pico_multicore/multicore.c.obj
                0x10009d50                multicore_launch_core1
 .text.i2c_init
                0x10009e10      0x108 CMakeFiles/mbot.dir/__/lib/pico-sdk/src/rp2_common/hardware_i2c/i2c.c.obj
                0x10009e10                i2c_init
 .text.i2c_write_blocking
                0x10009f18       0xd4 CMakeFiles/mbot.dir/__/lib/pico-sdk/src/rp2_common/hardware_i2c/i2c.c.obj
                0x10009f18                i2c_write_blocking
 .text.i2c_read_blocking
                0x10009fec       0x9c CMakeFiles/mbot.dir/__/lib/pico-sdk/src/rp2_common/hardware_i2c/i2c.c.obj
                0x10009fec                i2c_read_blocking
 .text.pio_claim_unused_sm
                0x1000a088       0x3c CMakeFiles/mbot.dir/__/lib/pico-sdk/src/rp2_common/hardware_pio/pio.c.obj
                0x1000a088                pio_claim_unused_sm
 .text.pio_sm_is_claimed
                0x1000a0c4       0x20 CMakeFiles/mbot.dir/__/lib/pico-sdk/src/rp2_common/hardware_pio/pio.c.obj
                0x1000a0c4                pio_sm_is_claimed
 .text.pio_add_program
                0x1000a0e4       0xc8 CMakeFiles/mbot.dir/__/lib/pico-sdk/src/rp2_common/hardware_pio/pio.c.obj
                0x1000a0e4                pio_add_program
 .text.pio_sm_set_consecutive_pindirs
                0x1000a1ac       0x88 CMakeFiles/mbot.dir/__/lib/pico-sdk/src/rp2_common/hardware_pio/pio.c.obj
                0x1000a1ac                pio_sm_set_consecutive_pindirs
 .text.pio_sm_init
                0x1000a234       0x90 CMakeFiles/mbot.dir/__/lib/pico-sdk/src/rp2_common/hardware_pio/pio.c.obj
                0x1000a234                pio_sm_init
 .text.rc_filter_empty
                0x1000a2c4       0x1c ../rc/librclib.a(filter.c.obj)
                0x1000a2c4                rc_filter_empty
 .text.rc_filter_free
                0x1000a2e0       0x70 ../rc/librclib.a(filter.c.obj)
                0x1000a2e0                rc_filter_free
 .text.rc_filter_alloc
                0x1000a350      0x1c0 ../rc/librclib.a(filter.c.obj)
                0x1000a350                rc_filter_alloc
 .text.rc_filter_march
                0x1000a510      0x2c0 ../rc/librclib.a(filter.c.obj)
                0x1000a510                rc_filter_march
 .text.rc_filter_prefill_inputs
                0x1000a7d0       0x60 ../rc/librclib.a(filter.c.obj)
                0x1000a7d0                rc_filter_prefill_inputs
 .text.rc_filter_prefill_outputs
                0x1000a830       0x60 ../rc/librclib.a(filter.c.obj)
                0x1000a830                rc_filter_prefill_outputs
 .text.rc_filter_first_order_lowpass
                0x1000a890      0x1f8 ../rc/librclib.a(filter.c.obj)
                0x1000a890                rc_filter_first_order_lowpass
 .text.rc_filter_first_order_highpass
                0x1000aa88      0x20c ../rc/librclib.a(filter.c.obj)
                0x1000aa88                rc_filter_first_order_highpass
 .text.rc_filter_pid
                0x1000ac94      0x3e8 ../rc/librclib.a(filter.c.obj)
                0x1000ac94                rc_filter_pid
 .text.rc_ringbuf_alloc
                0x1000b07c       0x9c ../rc/librclib.a(ring_buffer.c.obj)
                0x1000b07c                rc_ringbuf_alloc
 .text.rc_ringbuf_free
                0x1000b118       0x54 ../rc/librclib.a(ring_buffer.c.obj)
                0x1000b118                rc_ringbuf_free
 .text.rc_ringbuf_insert
                0x1000b16c       0x6c ../rc/librclib.a(ring_buffer.c.obj)
                0x1000b16c                rc_ringbuf_insert
 .text.rc_ringbuf_get_value
                0x1000b1d8       0x84 ../rc/librclib.a(ring_buffer.c.obj)
                0x1000b1d8                rc_ringbuf_get_value
 .text.rc_vector_alloc
                0x1000b25c       0x90 ../rc/librclib.a(vector.c.obj)
                0x1000b25c                rc_vector_alloc
 .text.rc_vector_free
                0x1000b2ec       0x40 ../rc/librclib.a(vector.c.obj)
                0x1000b2ec                rc_vector_free
 .text.rc_vector_empty
                0x1000b32c        0xc ../rc/librclib.a(vector.c.obj)
                0x1000b32c                rc_vector_empty
 .text.rc_vector_from_array
                0x1000b338       0xc4 ../rc/librclib.a(vector.c.obj)
                0x1000b338                rc_vector_from_array
 .text.rc_vector_duplicate
                0x1000b3fc       0xcc ../rc/librclib.a(vector.c.obj)
                0x1000b3fc                rc_vector_duplicate
 .text.rc_vector_std_dev
                0x1000b4c8       0xd8 ../rc/librclib.a(vector.c.obj)
                0x1000b4c8                rc_vector_std_dev
 .text.rc_motor_set
                0x1000b5a0      0x1c4 ../rc/librclib.a(motor.c.obj)
                0x1000b5a0                rc_motor_set
 .text.rc_motor_init
                0x1000b764      0x134 ../rc/librclib.a(motor.c.obj)
                0x1000b764                rc_motor_init
 .text.rc_encoder_init
                0x1000b898      0x340 ../rc/librclib.a(encoder.c.obj)
                0x1000b898                rc_encoder_init
 .text.rc_encoder_read_delta
                0x1000bbd8       0xb0 ../rc/librclib.a(encoder.c.obj)
                0x1000bbd8                rc_encoder_read_delta
 .text.rc_encoder_read_count
                0x1000bc88       0x60 ../rc/librclib.a(encoder.c.obj)
                0x1000bc88                rc_encoder_read_count
 .text.rc_encoder_write
                0x1000bce8       0x54 ../rc/librclib.a(encoder.c.obj)
                0x1000bce8                rc_encoder_write
 .text.__mag_correct_orientation
                0x1000bd3c      0x180 ../rc/librclib.a(mpu.c.obj)
 .text.__mpu_write_mem
                0x1000bebc       0xc8 ../rc/librclib.a(mpu.c.obj)
 .text.__mpu_set_bypass.constprop.12
                0x1000bf84       0x6c ../rc/librclib.a(mpu.c.obj)
 .text.__mpu_reset_fifo
                0x1000bff0      0x118 ../rc/librclib.a(mpu.c.obj)
 .text.__init_magnetometer.isra.5
                0x1000c108      0x1fc ../rc/librclib.a(mpu.c.obj)
 .text.mb_mpu_default_config
                0x1000c304       0x44 ../rc/librclib.a(mpu.c.obj)
                0x1000c304                mb_mpu_default_config
 .text.mb_mpu_read_mag
                0x1000c348      0x1bc ../rc/librclib.a(mpu.c.obj)
                0x1000c348                mb_mpu_read_mag
 .text.mb_mpu_initialize_dmp
                0x1000c504     0x1390 ../rc/librclib.a(mpu.c.obj)
                0x1000c504                mb_mpu_initialize_dmp
 .text.mb_mpu_calibrate_gyro_routine
                0x1000d894      0x6d0 ../rc/librclib.a(mpu.c.obj)
                0x1000d894                mb_mpu_calibrate_gyro_routine
 .text.mb_dmp_callback
                0x1000df64      0x840 ../rc/librclib.a(mpu.c.obj)
                0x1000df64                mb_dmp_callback
 .text.mb_read_fram
                0x1000e7a4       0x44 ../rc/librclib.a(fram.c.obj)
                0x1000e7a4                mb_read_fram
 .text.mb_write_fram
                0x1000e7e8       0x58 ../rc/librclib.a(fram.c.obj)
                0x1000e7e8                mb_write_fram
 .text.rc_normalize_quaternion_array
                0x1000e840       0xec ../rc/librclib.a(quaternion.c.obj)
                0x1000e840                rc_normalize_quaternion_array
 .text.rc_quaternion_to_tb_array
                0x1000e92c      0x1a0 ../rc/librclib.a(quaternion.c.obj)
                0x1000e92c                rc_quaternion_to_tb_array
 .text.rc_quaternion_from_tb_array
                0x1000eacc      0x1c4 ../rc/librclib.a(quaternion.c.obj)
                0x1000eacc                rc_quaternion_from_tb_array
 .text.rc_quaternion_multiply_array
                0x1000ec90      0x268 ../rc/librclib.a(quaternion.c.obj)
                0x1000ec90                rc_quaternion_multiply_array
 .text.rc_quaternion_rotate_vector_array
                0x1000eef8      0x290 ../rc/librclib.a(quaternion.c.obj)
                0x1000eef8                rc_quaternion_rotate_vector_array
 .text.comms_init_protocol
                0x1000f188       0x18 ../comms/libcomms.a(protocol.c.obj)
                0x1000f188                comms_init_protocol
 .text.comms_get_topic_serializers
                0x1000f1a0       0xdc ../comms/libcomms.a(protocol.c.obj)
                0x1000f1a0                comms_get_topic_serializers
 .text.comms_register_topic
                0x1000f27c       0x84 ../comms/libcomms.a(protocol.c.obj)
                0x1000f27c                comms_register_topic
 .text.comms_write_topic
                0x1000f300      0x13c ../comms/libcomms.a(protocol.c.obj)
                0x1000f300                comms_write_topic
 .text.comms_listener_loop
                0x1000f43c      0x158 ../comms/libcomms.a(listener.c.obj)
                0x1000f43c                comms_listener_loop
 .text.comms_init_topic_data
                0x1000f594       0x18 ../comms/libcomms.a(topic_data.c.obj)
                0x1000f594                comms_init_topic_data
 .text.comms_get_topic_data
                0x1000f5ac      0x1ec ../comms/libcomms.a(topic_data.c.obj)
                0x1000f5ac                comms_get_topic_data
 .text.comms_set_topic_data
                0x1000f798       0xa8 ../comms/libcomms.a(topic_data.c.obj)
                0x1000f798                comms_set_topic_data
 .text.timestamp_t_deserialize
                0x1000f840       0x14 ../comms/libcomms.a(messages_mb.c.obj)
                0x1000f840                timestamp_t_deserialize
 .text.timestamp_t_serialize
                0x1000f854       0x14 ../comms/libcomms.a(messages_mb.c.obj)
                0x1000f854                timestamp_t_serialize
 .text.odometry_t_deserialize
                0x1000f868       0x14 ../comms/libcomms.a(messages_mb.c.obj)
                0x1000f868                odometry_t_deserialize
 .text.odometry_t_serialize
                0x1000f87c       0x14 ../comms/libcomms.a(messages_mb.c.obj)
                0x1000f87c                odometry_t_serialize
 .text.mbot_imu_t_deserialize
                0x1000f890       0x14 ../comms/libcomms.a(messages_mb.c.obj)
                0x1000f890                mbot_imu_t_deserialize
 .text.mbot_imu_t_serialize
                0x1000f8a4       0x14 ../comms/libcomms.a(messages_mb.c.obj)
                0x1000f8a4                mbot_imu_t_serialize
 .text.mbot_encoder_t_deserialize
                0x1000f8b8       0x14 ../comms/libcomms.a(messages_mb.c.obj)
                0x1000f8b8                mbot_encoder_t_deserialize
 .text.mbot_encoder_t_serialize
                0x1000f8cc       0x14 ../comms/libcomms.a(messages_mb.c.obj)
                0x1000f8cc                mbot_encoder_t_serialize
 .text.mbot_motor_command_t_deserialize
                0x1000f8e0       0x14 ../comms/libcomms.a(messages_mb.c.obj)
                0x1000f8e0                mbot_motor_command_t_deserialize
 .text.mbot_motor_command_t_serialize
                0x1000f8f4       0x14 ../comms/libcomms.a(messages_mb.c.obj)
                0x1000f8f4                mbot_motor_command_t_serialize
 .text.mbot_pid_gains_t_deserialize
                0x1000f908       0x14 ../comms/libcomms.a(messages_mb.c.obj)
                0x1000f908                mbot_pid_gains_t_deserialize
 .text.mbot_pid_gains_t_serialize
                0x1000f91c       0x14 ../comms/libcomms.a(messages_mb.c.obj)
                0x1000f91c                mbot_pid_gains_t_serialize
 .text.checksum
                0x1000f930       0x1c ../comms/libcomms.a(common.c.obj)
                0x1000f930                checksum
 .text.encode_msg
                0x1000f94c      0x14c ../comms/libcomms.a(common.c.obj)
                0x1000f94c                encode_msg
 .text          0x1000fa98       0x18 /usr/lib/gcc/arm-none-eabi/8.3.1/../../../arm-none-eabi/lib/thumb/v6-m/nofp/libc.a(lib_a-calloc.o)
                0x1000fa98                calloc
 .text          0x1000fab0       0x5c /usr/lib/gcc/arm-none-eabi/8.3.1/../../../arm-none-eabi/lib/thumb/v6-m/nofp/libc.a(lib_a-callocr.o)
                0x1000fab0                _calloc_r
 .text          0x1000fb0c      0x1b4 /usr/lib/gcc/arm-none-eabi/8.3.1/../../../arm-none-eabi/lib/thumb/v6-m/nofp/libc.a(lib_a-fflush.o)
                0x1000fb0c                __sflush_r
                0x1000fc6c                _fflush_r
                0x1000fc98                fflush
 .text          0x1000fcc0      0x220 /usr/lib/gcc/arm-none-eabi/8.3.1/../../../arm-none-eabi/lib/thumb/v6-m/nofp/libc.a(lib_a-findfp.o)
                0x1000fcc4                _cleanup_r
                0x1000fdc0                __sfmoreglue
                0x1000fdf0                __sfp
                0x1000fe78                _cleanup
                0x1000fe90                __sinit
                0x1000fea0                __sfp_lock_acquire
                0x1000fea4                __sfp_lock_release
                0x1000fea8                __sinit_lock_acquire
                0x1000feac                __sinit_lock_release
                0x1000feb0                __fp_lock_all
                0x1000fec8                __fp_unlock_all
 .text          0x1000fee0      0x27c /usr/lib/gcc/arm-none-eabi/8.3.1/../../../arm-none-eabi/lib/thumb/v6-m/nofp/libc.a(lib_a-freer.o)
                0x1000fee0                _malloc_trim_r
                0x1000ff80                _free_r
 .text          0x1001015c       0x90 /usr/lib/gcc/arm-none-eabi/8.3.1/../../../arm-none-eabi/lib/thumb/v6-m/nofp/libc.a(lib_a-fwalk.o)
                0x1001015c                _fwalk
                0x100101a0                _fwalk_reent
 .text          0x100101ec       0x90 /usr/lib/gcc/arm-none-eabi/8.3.1/../../../arm-none-eabi/lib/thumb/v6-m/nofp/libc.a(lib_a-fwrite.o)
                0x100101ec                _fwrite_r
                0x1001025c                fwrite
 .text          0x1001027c       0x28 /usr/lib/gcc/arm-none-eabi/8.3.1/../../../arm-none-eabi/lib/thumb/v6-m/nofp/libc.a(lib_a-malloc.o)
                0x1001027c                malloc
                0x10010290                free
 .text          0x100102a4      0x58c /usr/lib/gcc/arm-none-eabi/8.3.1/../../../arm-none-eabi/lib/thumb/v6-m/nofp/libc.a(lib_a-mallocr.o)
                0x100102a4                _malloc_r
 .text          0x10010830        0x8 /usr/lib/gcc/arm-none-eabi/8.3.1/../../../arm-none-eabi/lib/thumb/v6-m/nofp/libc.a(lib_a-mlock.o)
                0x10010830                __malloc_lock
                0x10010834                __malloc_unlock
 .text          0x10010838      0x35c /usr/lib/gcc/arm-none-eabi/8.3.1/../../../arm-none-eabi/lib/thumb/v6-m/nofp/libc.a(lib_a-reallocr.o)
                0x10010838                _realloc_r
 .text          0x10010b94       0x24 /usr/lib/gcc/arm-none-eabi/8.3.1/../../../arm-none-eabi/lib/thumb/v6-m/nofp/libc.a(lib_a-sbrkr.o)
                0x10010b94                _sbrk_r
 .text          0x10010bb8       0xa4 /usr/lib/gcc/arm-none-eabi/8.3.1/../../../arm-none-eabi/lib/thumb/v6-m/nofp/libc.a(lib_a-stdio.o)
                0x10010bb8                __sread
                0x10010be0                __seofread
                0x10010be4                __swrite
                0x10010c24                __sseek
                0x10010c50                __sclose
 .text          0x10010c5c       0x68 /usr/lib/gcc/arm-none-eabi/8.3.1/../../../arm-none-eabi/lib/thumb/v6-m/nofp/libc.a(lib_a-strlen-stub.o)
                0x10010c5c                strlen
 .text          0x10010cc4       0x28 /usr/lib/gcc/arm-none-eabi/8.3.1/../../../arm-none-eabi/lib/thumb/v6-m/nofp/libc.a(lib_a-writer.o)
                0x10010cc4                _write_r
 .text          0x10010cec       0xdc /usr/lib/gcc/arm-none-eabi/8.3.1/../../../arm-none-eabi/lib/thumb/v6-m/nofp/libc.a(lib_a-wsetup.o)
                0x10010cec                __swsetup_r
 .text          0x10010dc8       0x24 /usr/lib/gcc/arm-none-eabi/8.3.1/../../../arm-none-eabi/lib/thumb/v6-m/nofp/libc.a(lib_a-closer.o)
                0x10010dc8                _close_r
 .text          0x10010dec       0xac /usr/lib/gcc/arm-none-eabi/8.3.1/../../../arm-none-eabi/lib/thumb/v6-m/nofp/libc.a(lib_a-fclose.o)
                0x10010dec                _fclose_r
                0x10010e84                fclose
 .text          0x10010e98      0x320 /usr/lib/gcc/arm-none-eabi/8.3.1/../../../arm-none-eabi/lib/thumb/v6-m/nofp/libc.a(lib_a-fvwrite.o)
                0x10010e98                __sfvwrite_r
 .text          0x100111b8       0x28 /usr/lib/gcc/arm-none-eabi/8.3.1/../../../arm-none-eabi/lib/thumb/v6-m/nofp/libc.a(lib_a-lseekr.o)
                0x100111b8                _lseek_r
 .text          0x100111e0       0xf0 /usr/lib/gcc/arm-none-eabi/8.3.1/../../../arm-none-eabi/lib/thumb/v6-m/nofp/libc.a(lib_a-makebuf.o)
                0x100111e0                __swhatbuf_r
                0x10011240                __smakebuf_r
 .text          0x100112d0       0x28 /usr/lib/gcc/arm-none-eabi/8.3.1/../../../arm-none-eabi/lib/thumb/v6-m/nofp/libc.a(lib_a-readr.o)
                0x100112d0                _read_r
 .text          0x100112f8       0x28 /usr/lib/gcc/arm-none-eabi/8.3.1/../../../arm-none-eabi/lib/thumb/v6-m/nofp/libc.a(lib_a-fstatr.o)
                0x100112f8                _fstat_r
 .text          0x10011320       0x24 /usr/lib/gcc/arm-none-eabi/8.3.1/../../../arm-none-eabi/lib/thumb/v6-m/nofp/libc.a(lib_a-isattyr.o)
                0x10011320                _isatty_r
 .text          0x10011344       0x10 /usr/lib/gcc/arm-none-eabi/8.3.1/../../../arm-none-eabi/lib/thumb/v6-m/nofp/libnosys.a(close.o)
                0x10011344                _close
 .text          0x10011354       0x10 /usr/lib/gcc/arm-none-eabi/8.3.1/../../../arm-none-eabi/lib/thumb/v6-m/nofp/libnosys.a(fstat.o)
                0x10011354                _fstat
 .text          0x10011364       0x10 /usr/lib/gcc/arm-none-eabi/8.3.1/../../../arm-none-eabi/lib/thumb/v6-m/nofp/libnosys.a(isatty.o)
                0x10011364                _isatty
 .text          0x10011374       0x10 /usr/lib/gcc/arm-none-eabi/8.3.1/../../../arm-none-eabi/lib/thumb/v6-m/nofp/libnosys.a(lseek.o)
                0x10011374                _lseek
 *(.fini)
 .fini          0x10011384        0x4 /usr/lib/gcc/arm-none-eabi/8.3.1/thumb/v6-m/nofp/crti.o
                0x10011384                _fini
 .fini.__stub   0x10011388       0xa0 linker stubs
 *crtbegin.o(.ctors)
 *crtbegin?.o(.ctors)
 *(EXCLUDE_FILE(*crtend.o *crtend?.o) .ctors)
 *(SORT_BY_NAME(.ctors.*))
 *(.ctors)
 *crtbegin.o(.dtors)
 *crtbegin?.o(.dtors)
 *(EXCLUDE_FILE(*crtend.o *crtend?.o) .dtors)
 *(SORT_BY_NAME(.dtors.*))
 *(.dtors)
 *(.eh_frame*)
 .eh_frame      0x10011428        0x0 /usr/lib/gcc/arm-none-eabi/8.3.1/thumb/v6-m/nofp/crtbegin.o
                0x10011428                . = ALIGN (0x4)

.glue_7         0x10011428        0x0
 .glue_7        0x10011428        0x0 linker stubs

.glue_7t        0x10011428        0x0
 .glue_7t       0x10011428        0x0 linker stubs

.vfp11_veneer   0x10011428        0x0
 .vfp11_veneer  0x10011428        0x0 linker stubs

.v4_bx          0x10011428        0x0
 .v4_bx         0x10011428        0x0 linker stubs

.iplt           0x10011428        0x0
 .iplt          0x10011428        0x0 /usr/lib/gcc/arm-none-eabi/8.3.1/thumb/v6-m/nofp/crtbegin.o

.rodata         0x10011428     0x2dcc
 *(EXCLUDE_FILE(*libm.a: *libc.a:*lib_a-mem*.o *libgcc.a:) .rodata*)
 .rodata.__bi_362.9012
                0x10011428        0xc CMakeFiles/mbot.dir/mbot.c.obj
 .rodata.__bi_363.9015
                0x10011434        0xc CMakeFiles/mbot.dir/mbot.c.obj
 .rodata.__bi_392.9020
                0x10011440        0x8 CMakeFiles/mbot.dir/mbot.c.obj
 .rodata.main.str1.4
                0x10011448      0x241 CMakeFiles/mbot.dir/mbot.c.obj
 *fill*         0x10011689        0x3 
 .rodata.str1.4
                0x1001168c       0x39 CMakeFiles/mbot.dir/mbot.c.obj
 *fill*         0x100116c5        0x3 
 .rodata.timer_cb.str1.4
                0x100116c8       0x15 CMakeFiles/mbot.dir/mbot.c.obj
 *fill*         0x100116dd        0x3 
 .rodata.spin_lock_claim_unused.str1.4
                0x100116e0       0x1b CMakeFiles/mbot.dir/__/lib/pico-sdk/src/rp2_common/hardware_sync/sync.c.obj
 *fill*         0x100116fb        0x1 
 .rodata.user_irq_claim_unused.str1.4
                0x100116fc       0x1b CMakeFiles/mbot.dir/__/lib/pico-sdk/src/rp2_common/hardware_irq/irq.c.obj
 *fill*         0x10011717        0x1 
 .rodata.at_the_end_of_time
                0x10011718        0x8 CMakeFiles/mbot.dir/__/lib/pico-sdk/src/common/pico_time/time.c.obj
                0x10011718                at_the_end_of_time
 .rodata.hardware_alarm_claim.str1.4
                0x10011720       0x22 CMakeFiles/mbot.dir/__/lib/pico-sdk/src/rp2_common/hardware_timer/timer.c.obj
 *fill*         0x10011742        0x2 
 .rodata.hard_assertion_failure.str1.4
                0x10011744        0xc CMakeFiles/mbot.dir/__/lib/pico-sdk/src/rp2_common/pico_runtime/runtime.c.obj
 .rodata.panic.str1.4
                0x10011750       0x10 CMakeFiles/mbot.dir/__/lib/pico-sdk/src/rp2_common/pico_runtime/runtime.c.obj
                                 0x12 (size before relaxing)
 .rodata._vsnprintf
                0x10011760      0x1e0 CMakeFiles/mbot.dir/__/lib/pico-sdk/src/rp2_common/pico_printf/printf.c.obj
 .rodata._ftoa.str1.4
                0x10011940       0x15 CMakeFiles/mbot.dir/__/lib/pico-sdk/src/rp2_common/pico_printf/printf.c.obj
 *fill*         0x10011955        0x3 
 .rodata.pow10.5494
                0x10011958       0x50 CMakeFiles/mbot.dir/__/lib/pico-sdk/src/rp2_common/pico_printf/printf.c.obj
 .rodata.__wrap_malloc.str1.4
                0x100119a8        0xe CMakeFiles/mbot.dir/__/lib/pico-sdk/src/rp2_common/pico_malloc/pico_malloc.c.obj
 *fill*         0x100119b6        0x2 
 .rodata.__bi_44
                0x100119b8        0xc CMakeFiles/mbot.dir/__/lib/pico-sdk/src/rp2_common/pico_standard_link/binary_info.c.obj
 .rodata.__bi_75
                0x100119c4        0xc CMakeFiles/mbot.dir/__/lib/pico-sdk/src/rp2_common/pico_standard_link/binary_info.c.obj
 .rodata.__bi_81
                0x100119d0        0xc CMakeFiles/mbot.dir/__/lib/pico-sdk/src/rp2_common/pico_standard_link/binary_info.c.obj
 .rodata.str1.4
                0x100119dc       0x3c CMakeFiles/mbot.dir/__/lib/pico-sdk/src/rp2_common/pico_standard_link/binary_info.c.obj
 .rodata.crlf_str.5971
                0x10011a18        0x2 CMakeFiles/mbot.dir/__/lib/pico-sdk/src/rp2_common/pico_stdio/stdio.c.obj
 *fill*         0x10011a1a        0x2 
 .rodata._resetd_driver
                0x10011a1c       0x18 CMakeFiles/mbot.dir/__/lib/pico-sdk/src/rp2_common/pico_stdio_usb/reset_interface.c.obj
 .rodata.__bi_167.7287
                0x10011a34        0xc CMakeFiles/mbot.dir/__/lib/pico-sdk/src/rp2_common/pico_stdio_usb/stdio_usb.c.obj
 .rodata.str1.4
                0x10011a40       0x13 CMakeFiles/mbot.dir/__/lib/pico-sdk/src/rp2_common/pico_stdio_usb/stdio_usb.c.obj
 *fill*         0x10011a53        0x1 
 .rodata.str1.4
                0x10011a54       0x2e CMakeFiles/mbot.dir/__/lib/pico-sdk/src/rp2_common/pico_stdio_usb/stdio_usb_descriptors.c.obj
 *fill*         0x10011a82        0x2 
 .rodata.usbd_desc_cfg
                0x10011a84       0x96 CMakeFiles/mbot.dir/__/lib/pico-sdk/src/rp2_common/pico_stdio_usb/stdio_usb_descriptors.c.obj
 *fill*         0x10011b1a        0x2 
 .rodata.usbd_desc_device
                0x10011b1c       0x12 CMakeFiles/mbot.dir/__/lib/pico-sdk/src/rp2_common/pico_stdio_usb/stdio_usb_descriptors.c.obj
 *fill*         0x10011b2e        0x2 
 .rodata.usbd_desc_str
                0x10011b30       0x18 CMakeFiles/mbot.dir/__/lib/pico-sdk/src/rp2_common/pico_stdio_usb/stdio_usb_descriptors.c.obj
 .rodata.dcd_rp2040_irq.str1.4
                0x10011b48       0x14 CMakeFiles/mbot.dir/__/lib/pico-sdk/lib/tinyusb/src/portable/raspberrypi/rp2040/dcd_rp2040.c.obj
 .rodata._hw_endpoint_buffer_control_update32.part.2.str1.4
                0x10011b5c       0x1f CMakeFiles/mbot.dir/__/lib/pico-sdk/lib/tinyusb/src/portable/raspberrypi/rp2040/rp2040_usb.c.obj
 *fill*         0x10011b7b        0x1 
 .rodata.hw_endpoint_xfer_continue.str1.4
                0x10011b7c       0x29 CMakeFiles/mbot.dir/__/lib/pico-sdk/lib/tinyusb/src/portable/raspberrypi/rp2040/rp2040_usb.c.obj
 *fill*         0x10011ba5        0x3 
 .rodata.str1.4
                0x10011ba8        0x7 CMakeFiles/mbot.dir/__/lib/pico-sdk/lib/tinyusb/src/portable/raspberrypi/rp2040/rp2040_usb.c.obj
 *fill*         0x10011baf        0x1 
 .rodata.tud_task
                0x10011bb0       0x8c CMakeFiles/mbot.dir/__/lib/pico-sdk/lib/tinyusb/src/device/usbd.c.obj
 .rodata._usbd_driver
                0x10011c3c       0x18 CMakeFiles/mbot.dir/__/lib/pico-sdk/lib/tinyusb/src/device/usbd.c.obj
 .rodata.pio_add_program.str1.4
                0x10011c54       0x11 CMakeFiles/mbot.dir/__/lib/pico-sdk/src/rp2_common/hardware_pio/pio.c.obj
 *fill*         0x10011c65        0x3 
 .rodata.pio_claim_unused_sm.str1.4
                0x10011c68       0x24 CMakeFiles/mbot.dir/__/lib/pico-sdk/src/rp2_common/hardware_pio/pio.c.obj
 .rodata.rc_filter_alloc.str1.4
                0x10011c8c      0x18a ../rc/librclib.a(filter.c.obj)
 *fill*         0x10011e16        0x2 
 .rodata.rc_filter_alloc_from_arrays.str1.4
                0x10011e18      0x18e ../rc/librclib.a(filter.c.obj)
 *fill*         0x10011fa6        0x2 
 .rodata.rc_filter_first_order_highpass.str1.4
                0x10011fa8       0xbd ../rc/librclib.a(filter.c.obj)
 *fill*         0x10012065        0x3 
 .rodata.rc_filter_first_order_lowpass.str1.4
                0x10012068       0xbc ../rc/librclib.a(filter.c.obj)
 .rodata.rc_filter_free.str1.4
                0x10012124       0x30 ../rc/librclib.a(filter.c.obj)
 .rodata.rc_filter_march.str1.4
                0x10012154       0x2f ../rc/librclib.a(filter.c.obj)
 *fill*         0x10012183        0x1 
 .rodata.rc_filter_pid.str1.4
                0x10012184       0x90 ../rc/librclib.a(filter.c.obj)
 .rodata.rc_filter_prefill_inputs.str1.4
                0x10012214       0x39 ../rc/librclib.a(filter.c.obj)
 *fill*         0x1001224d        0x3 
 .rodata.rc_filter_prefill_outputs.str1.4
                0x10012250       0x3a ../rc/librclib.a(filter.c.obj)
 *fill*         0x1001228a        0x2 
 .rodata.rc_ringbuf_alloc.str1.4
                0x1001228c       0x9a ../rc/librclib.a(ring_buffer.c.obj)
 *fill*         0x10012326        0x2 
 .rodata.rc_ringbuf_free.str1.4
                0x10012328       0x31 ../rc/librclib.a(ring_buffer.c.obj)
 *fill*         0x10012359        0x3 
 .rodata.rc_ringbuf_get_value.str1.4
                0x1001235c       0xa6 ../rc/librclib.a(ring_buffer.c.obj)
 *fill*         0x10012402        0x2 
 .rodata.rc_ringbuf_insert.str1.4
                0x10012404       0x67 ../rc/librclib.a(ring_buffer.c.obj)
 *fill*         0x1001246b        0x1 
 .rodata.rc_vector_alloc.str1.4
                0x1001246c       0x91 ../rc/librclib.a(vector.c.obj)
 *fill*         0x100124fd        0x3 
 .rodata.rc_vector_duplicate.str1.4
                0x10012500       0x6d ../rc/librclib.a(vector.c.obj)
 *fill*         0x1001256d        0x3 
 .rodata.rc_vector_free.str1.4
                0x10012570       0x2d ../rc/librclib.a(vector.c.obj)
 *fill*         0x1001259d        0x3 
 .rodata.rc_vector_from_array.str1.4
                0x100125a0       0x72 ../rc/librclib.a(vector.c.obj)
 *fill*         0x10012612        0x2 
 .rodata.rc_vector_std_dev.str1.4
                0x10012614       0x38 ../rc/librclib.a(vector.c.obj)
 .rodata.rc_motor_set.str1.4
                0x1001264c       0x12 ../rc/librclib.a(motor.c.obj)
 *fill*         0x1001265e        0x2 
 .rodata.quadrature_encoder_program
                0x10012660        0x6 ../rc/librclib.a(encoder.c.obj)
 *fill*         0x10012666        0x2 
 .rodata.quadrature_encoder_program_instructions
                0x10012668       0x3c ../rc/librclib.a(encoder.c.obj)
 .rodata.rc_encoder_read_delta.str1.4
                0x100126a4       0x12 ../rc/librclib.a(encoder.c.obj)
 *fill*         0x100126a4        0x4 
 .rodata        0x100126a8       0x48 ../rc/librclib.a(mpu.c.obj)
 .rodata.CSWTCH.199
                0x100126f0        0x8 ../rc/librclib.a(mpu.c.obj)
 .rodata.CSWTCH.200
                0x100126f8        0x8 ../rc/librclib.a(mpu.c.obj)
 .rodata.__init_magnetometer.isra.5.str1.4
                0x10012700       0x30 ../rc/librclib.a(mpu.c.obj)
 .rodata.__mag_correct_orientation.str1.4
                0x10012730       0x31 ../rc/librclib.a(mpu.c.obj)
 *fill*         0x10012761        0x3 
 .rodata.__mpu_write_mem.str1.4
                0x10012764       0x3e ../rc/librclib.a(mpu.c.obj)
 *fill*         0x100127a2        0x2 
 .rodata.dmp_firmware
                0x100127a4      0xbf6 ../rc/librclib.a(mpu.c.obj)
 *fill*         0x1001339a        0x2 
 .rodata.mb_dmp_callback.str1.4
                0x1001339c      0x1cf ../rc/librclib.a(mpu.c.obj)
 *fill*         0x1001356b        0x1 
 .rodata.mb_mpu_calibrate_gyro_routine.str1.4
                0x1001356c      0x11b ../rc/librclib.a(mpu.c.obj)
 *fill*         0x10013687        0x1 
 .rodata.mb_mpu_initialize_dmp.str1.4
                0x10013688      0x82e ../rc/librclib.a(mpu.c.obj)
 *fill*         0x10013eb6        0x2 
 .rodata.mb_mpu_read_mag.str1.4
                0x10013eb8      0x105 ../rc/librclib.a(mpu.c.obj)
 *fill*         0x10013fbd        0x3 
 .rodata.rc_normalize_quaternion_array.str1.4
                0x10013fc0       0x22 ../rc/librclib.a(quaternion.c.obj)
 *fill*         0x10013fe2        0x2 
 .rodata.rc_quaternion_from_tb_array.str1.4
                0x10013fe4       0x3e ../rc/librclib.a(quaternion.c.obj)
 *fill*         0x10014022        0x2 
 .rodata.rc_quaternion_multiply_array.str1.4
                0x10014024       0x3f ../rc/librclib.a(quaternion.c.obj)
 *fill*         0x10014063        0x1 
 .rodata.rc_quaternion_rotate_vector_array.str1.4
                0x10014064       0x44 ../rc/librclib.a(quaternion.c.obj)
 .rodata.rc_quaternion_to_tb.str1.4
                0x100140a8       0xe4 ../rc/librclib.a(quaternion.c.obj)
 .rodata.encode_msg.str1.4
                0x1001418c       0x61 ../comms/libcomms.a(common.c.obj)
 *fill*         0x100141ed        0x3 
 .rodata        0x100141f0        0x4 /usr/lib/gcc/arm-none-eabi/8.3.1/../../../arm-none-eabi/lib/thumb/v6-m/nofp/libc.a(lib_a-impure.o)
                0x100141f0                _global_impure_ptr
                0x100141f4                . = ALIGN (0x4)
 *(SORT_BY_ALIGNMENT(SORT_BY_NAME(.flashdata*)))
                0x100141f4                . = ALIGN (0x4)

.rel.dyn        0x100141f4        0x0
 .rel.iplt      0x100141f4        0x0 /usr/lib/gcc/arm-none-eabi/8.3.1/thumb/v6-m/nofp/crtbegin.o

.ARM.extab
 *(.ARM.extab* .gnu.linkonce.armextab.*)
                0x100141f4                __exidx_start = .

.ARM.exidx
 *(.ARM.exidx* .gnu.linkonce.armexidx.*)
                0x100141f4                __exidx_end = .
                0x100141f4                . = ALIGN (0x4)
                0x100141f4                __binary_info_start = .

.binary_info    0x100141f4       0x2c
 *(.binary_info.keep.*)
 .binary_info.keep.__bi_ptr362
                0x100141f4        0x4 CMakeFiles/mbot.dir/mbot.c.obj
 .binary_info.keep.__bi_ptr363
                0x100141f8        0x4 CMakeFiles/mbot.dir/mbot.c.obj
 .binary_info.keep.__bi_ptr392
                0x100141fc        0x4 CMakeFiles/mbot.dir/mbot.c.obj
 .binary_info.keep.__bi_ptr22
                0x10014200        0x4 CMakeFiles/mbot.dir/__/lib/pico-sdk/src/rp2_common/pico_standard_link/binary_info.c.obj
 .binary_info.keep.__bi_ptr30
                0x10014204        0x4 CMakeFiles/mbot.dir/__/lib/pico-sdk/src/rp2_common/pico_standard_link/binary_info.c.obj
 .binary_info.keep.__bi_ptr38
                0x10014208        0x4 CMakeFiles/mbot.dir/__/lib/pico-sdk/src/rp2_common/pico_standard_link/binary_info.c.obj
 .binary_info.keep.__bi_ptr44
                0x1001420c        0x4 CMakeFiles/mbot.dir/__/lib/pico-sdk/src/rp2_common/pico_standard_link/binary_info.c.obj
 .binary_info.keep.__bi_ptr50
                0x10014210        0x4 CMakeFiles/mbot.dir/__/lib/pico-sdk/src/rp2_common/pico_standard_link/binary_info.c.obj
 .binary_info.keep.__bi_ptr75
                0x10014214        0x4 CMakeFiles/mbot.dir/__/lib/pico-sdk/src/rp2_common/pico_standard_link/binary_info.c.obj
 .binary_info.keep.__bi_ptr81
                0x10014218        0x4 CMakeFiles/mbot.dir/__/lib/pico-sdk/src/rp2_common/pico_standard_link/binary_info.c.obj
 *(.binary_info.*)
 .binary_info.__bi_ptr167
                0x1001421c        0x4 CMakeFiles/mbot.dir/__/lib/pico-sdk/src/rp2_common/pico_stdio_usb/stdio_usb.c.obj
                0x10014220                __binary_info_end = .
                0x10014220                . = ALIGN (0x4)
                0x10014220                __etext = .

.ram_vector_table
                0x20000000       0xc0
 *(.ram_vector_table)
 .ram_vector_table
                0x20000000       0xc0 CMakeFiles/mbot.dir/__/lib/pico-sdk/src/rp2_common/pico_runtime/runtime.c.obj
                0x20000000                ram_vector_table

.data           0x200000c0      0xde8 load address 0x10014220
                0x200000c0                __data_start__ = .
 *(vtable)
 *(.time_critical*)
 .time_critical.mutex_enter_blocking
                0x200000c0       0x48 CMakeFiles/mbot.dir/__/lib/pico-sdk/src/common/pico_sync/mutex.c.obj
                0x200000c0                mutex_enter_blocking
 .time_critical.mutex_try_enter
                0x20000108       0x48 CMakeFiles/mbot.dir/__/lib/pico-sdk/src/common/pico_sync/mutex.c.obj
                0x20000108                mutex_try_enter
 .time_critical.mutex_enter_timeout_ms
                0x20000150       0x98 CMakeFiles/mbot.dir/__/lib/pico-sdk/src/common/pico_sync/mutex.c.obj
                0x20000150                mutex_enter_timeout_ms
 .time_critical.mutex_exit
                0x200001e8       0x28 CMakeFiles/mbot.dir/__/lib/pico-sdk/src/common/pico_sync/mutex.c.obj
                0x200001e8                mutex_exit
 .time_critical.flash_init_boot2_copyout
                0x20000210       0x30 CMakeFiles/mbot.dir/__/lib/pico-sdk/src/rp2_common/hardware_flash/flash.c.obj
 .time_critical.flash_enable_xip_via_boot2
                0x20000240       0x10 CMakeFiles/mbot.dir/__/lib/pico-sdk/src/rp2_common/hardware_flash/flash.c.obj
 .time_critical.flash_cs_force
                0x20000250       0x38 CMakeFiles/mbot.dir/__/lib/pico-sdk/src/rp2_common/hardware_flash/flash.c.obj
 .time_critical.flash_do_cmd
                0x20000288       0xb4 CMakeFiles/mbot.dir/__/lib/pico-sdk/src/rp2_common/hardware_flash/flash.c.obj
                0x20000288                flash_do_cmd
 *(.text*)
 .text          0x2000033c        0x4 /usr/lib/gcc/arm-none-eabi/8.3.1/thumb/v6-m/nofp/libgcc.a(_dvmd_tls.o)
                0x2000033c                __aeabi_ldiv0
                0x2000033c                __aeabi_idiv0
 .text          0x20000340       0x50 /usr/lib/gcc/arm-none-eabi/8.3.1/../../../arm-none-eabi/lib/thumb/v6-m/nofp/libc.a(lib_a-memcmp.o)
                0x20000340                memcmp
 .text          0x20000390       0x80 /usr/lib/gcc/arm-none-eabi/8.3.1/../../../arm-none-eabi/lib/thumb/v6-m/nofp/libc.a(lib_a-memchr-stub.o)
                0x20000390                memchr
 .text          0x20000410       0xbc /usr/lib/gcc/arm-none-eabi/8.3.1/../../../arm-none-eabi/lib/thumb/v6-m/nofp/libc.a(lib_a-memmove.o)
                0x20000410                memmove
 *fill*         0x200004cc        0x4 
 .text.__stub   0x200004d0       0x30 linker stubs
                0x20000500                . = ALIGN (0x4)
 *(.rodata*)
                0x20000500                . = ALIGN (0x4)
 *(.data*)
 .data.enc2meters
                0x20000500        0x4 CMakeFiles/mbot.dir/mbot.c.obj
                0x20000500                enc2meters
 .data.fwd_vel_pid_params
                0x20000504       0x10 CMakeFiles/mbot.dir/mbot.c.obj
                0x20000504                fwd_vel_pid_params
 .data.left_pid_params
                0x20000514       0x10 CMakeFiles/mbot.dir/mbot.c.obj
                0x20000514                left_pid_params
 .data.right_pid_params
                0x20000524       0x10 CMakeFiles/mbot.dir/mbot.c.obj
                0x20000524                right_pid_params
 .data.turn_vel_pid_params
                0x20000534       0x10 CMakeFiles/mbot.dir/mbot.c.obj
                0x20000534                turn_vel_pid_params
 .data.striped_spin_lock_num
                0x20000544        0x1 CMakeFiles/mbot.dir/__/lib/pico-sdk/src/rp2_common/hardware_sync/sync.c.obj
 *fill*         0x20000545        0x3 
 .data          0x20000548       0x48 CMakeFiles/mbot.dir/__/lib/pico-sdk/src/rp2_common/hardware_irq/irq_handler_chain.S.obj
                0x20000548                irq_handler_chain_slots
                0x20000578                irq_handler_chain_first_slot
                0x20000582                irq_handler_chain_remove_tail
 .data.default_alarm_pool
                0x20000590       0x18 CMakeFiles/mbot.dir/__/lib/pico-sdk/src/common/pico_time/time.c.obj
 .data.default_alarm_pool_heap
                0x200005a8       0x10 CMakeFiles/mbot.dir/__/lib/pico-sdk/src/common/pico_time/time.c.obj
 *fill*         0x200005b8        0x8 
 .data.aeabi_bits_funcs
                0x200005c0       0x10 CMakeFiles/mbot.dir/__/lib/pico-sdk/src/rp2_common/pico_bit_ops/bit_ops_aeabi.S.obj
                0x200005c0                aeabi_bits_funcs
                0x200005d0                aeabi_bits_funcs_end
 .data.aeabi_mem_funcs
                0x200005d0       0x10 CMakeFiles/mbot.dir/__/lib/pico-sdk/src/rp2_common/pico_mem_ops/mem_ops_aeabi.S.obj
                0x200005d0                aeabi_mem_funcs
                0x200005e0                aeabi_mem_funcs_end
 .data.stdio_usb
                0x200005e0       0x14 CMakeFiles/mbot.dir/__/lib/pico-sdk/src/rp2_common/pico_stdio_usb/stdio_usb.c.obj
                0x200005e0                stdio_usb
 .data.ep_dir_string